23:05:15 **** Incremental Build of configuration Debug for project atlasHaptic_nucleo767ZI ****
Info: Internal Builder is used for build
arm-atollic-eabi-gcc -c -mthumb -mcpu=cortex-m7 -mfloat-abi=hard -mfpu=fpv5-d16 -std=gnu11 -D__weak=__attribute__((weak)) -D__packed=__attribute__((__packed__)) -DUSE_HAL_DRIVER -DSTM32F767xx -DARM_MATH_CM7 -D__FPU_PRESENT=1 -I../Inc -I../Drivers/STM32F7xx_HAL_Driver/Inc -I../Drivers/STM32F7xx_HAL_Driver/Inc/Legacy -I../Drivers/CMSIS/Device/ST/STM32F7xx/Include -I../Drivers/CMSIS/Include -O0 -ffunction-sections -fdata-sections -g -fstack-usage -Wall -specs=nano.specs -o Src\simulation\pedalVariables.o ..\Src\simulation\pedalVariables.c 
arm-atollic-eabi-gcc -o atlasHaptic_nucleo767ZI.elf Drivers\STM32F7xx_HAL_Driver\Src\stm32f7xx_hal.o Drivers\STM32F7xx_HAL_Driver\Src\stm32f7xx_hal_cortex.o Drivers\STM32F7xx_HAL_Driver\Src\stm32f7xx_hal_dma.o Drivers\STM32F7xx_HAL_Driver\Src\stm32f7xx_hal_dma_ex.o Drivers\STM32F7xx_HAL_Driver\Src\stm32f7xx_hal_flash.o Drivers\STM32F7xx_HAL_Driver\Src\stm32f7xx_hal_flash_ex.o Drivers\STM32F7xx_HAL_Driver\Src\stm32f7xx_hal_gpio.o Drivers\STM32F7xx_HAL_Driver\Src\stm32f7xx_hal_i2c.o Drivers\STM32F7xx_HAL_Driver\Src\stm32f7xx_hal_i2c_ex.o Drivers\STM32F7xx_HAL_Driver\Src\stm32f7xx_hal_pwr.o Drivers\STM32F7xx_HAL_Driver\Src\stm32f7xx_hal_pwr_ex.o Drivers\STM32F7xx_HAL_Driver\Src\stm32f7xx_hal_rcc.o Drivers\STM32F7xx_HAL_Driver\Src\stm32f7xx_hal_rcc_ex.o Drivers\STM32F7xx_HAL_Driver\Src\stm32f7xx_hal_tim.o Drivers\STM32F7xx_HAL_Driver\Src\stm32f7xx_hal_tim_ex.o Drivers\STM32F7xx_HAL_Driver\Src\stm32f7xx_hal_uart.o Src\CMSIS\BasicMathFunctions\arm_abs_f32.o Src\CMSIS\BasicMathFunctions\arm_abs_q15.o Src\CMSIS\BasicMathFunctions\arm_abs_q31.o Src\CMSIS\BasicMathFunctions\arm_abs_q7.o Src\CMSIS\BasicMathFunctions\arm_add_f32.o Src\CMSIS\BasicMathFunctions\arm_add_q15.o Src\CMSIS\BasicMathFunctions\arm_add_q31.o Src\CMSIS\BasicMathFunctions\arm_add_q7.o Src\CMSIS\BasicMathFunctions\arm_dot_prod_f32.o Src\CMSIS\BasicMathFunctions\arm_dot_prod_q15.o Src\CMSIS\BasicMathFunctions\arm_dot_prod_q31.o Src\CMSIS\BasicMathFunctions\arm_dot_prod_q7.o Src\CMSIS\BasicMathFunctions\arm_mult_f32.o Src\CMSIS\BasicMathFunctions\arm_mult_q15.o Src\CMSIS\BasicMathFunctions\arm_mult_q31.o Src\CMSIS\BasicMathFunctions\arm_mult_q7.o Src\CMSIS\BasicMathFunctions\arm_negate_f32.o Src\CMSIS\BasicMathFunctions\arm_negate_q15.o Src\CMSIS\BasicMathFunctions\arm_negate_q31.o Src\CMSIS\BasicMathFunctions\arm_negate_q7.o Src\CMSIS\BasicMathFunctions\arm_offset_f32.o Src\CMSIS\BasicMathFunctions\arm_offset_q15.o Src\CMSIS\BasicMathFunctions\arm_offset_q31.o Src\CMSIS\BasicMathFunctions\arm_offset_q7.o Src\CMSIS\BasicMathFunctions\arm_scale_f32.o Src\CMSIS\BasicMathFunctions\arm_scale_q15.o Src\CMSIS\BasicMathFunctions\arm_scale_q31.o Src\CMSIS\BasicMathFunctions\arm_scale_q7.o Src\CMSIS\BasicMathFunctions\arm_shift_q15.o Src\CMSIS\BasicMathFunctions\arm_shift_q31.o Src\CMSIS\BasicMathFunctions\arm_shift_q7.o Src\CMSIS\BasicMathFunctions\arm_sub_f32.o Src\CMSIS\BasicMathFunctions\arm_sub_q15.o Src\CMSIS\BasicMathFunctions\arm_sub_q31.o Src\CMSIS\BasicMathFunctions\arm_sub_q7.o Src\CMSIS\CommonTables\arm_common_tables.o Src\CMSIS\CommonTables\arm_const_structs.o Src\CMSIS\ControllerFunctions\arm_pid_init_f32.o Src\CMSIS\ControllerFunctions\arm_pid_init_q15.o Src\CMSIS\ControllerFunctions\arm_pid_init_q31.o Src\CMSIS\ControllerFunctions\arm_pid_reset_f32.o Src\CMSIS\ControllerFunctions\arm_pid_reset_q15.o Src\CMSIS\ControllerFunctions\arm_pid_reset_q31.o Src\CMSIS\ControllerFunctions\arm_sin_cos_f32.o Src\CMSIS\ControllerFunctions\arm_sin_cos_q31.o Src\CMSIS\FastMathFunctions\arm_cos_f32.o Src\CMSIS\FastMathFunctions\arm_cos_q15.o Src\CMSIS\FastMathFunctions\arm_cos_q31.o Src\CMSIS\FastMathFunctions\arm_sin_f32.o Src\CMSIS\FastMathFunctions\arm_sin_q15.o Src\CMSIS\FastMathFunctions\arm_sin_q31.o Src\CMSIS\FastMathFunctions\arm_sqrt_q15.o Src\CMSIS\FastMathFunctions\arm_sqrt_q31.o Src\CMSIS\SupportFunctions\arm_copy_f32.o Src\CMSIS\SupportFunctions\arm_copy_q15.o Src\CMSIS\SupportFunctions\arm_copy_q31.o Src\CMSIS\SupportFunctions\arm_copy_q7.o Src\CMSIS\SupportFunctions\arm_fill_f32.o Src\CMSIS\SupportFunctions\arm_fill_q15.o Src\CMSIS\SupportFunctions\arm_fill_q31.o Src\CMSIS\SupportFunctions\arm_fill_q7.o Src\CMSIS\SupportFunctions\arm_float_to_q15.o Src\CMSIS\SupportFunctions\arm_float_to_q31.o Src\CMSIS\SupportFunctions\arm_float_to_q7.o Src\CMSIS\SupportFunctions\arm_q15_to_float.o Src\CMSIS\SupportFunctions\arm_q15_to_q31.o Src\CMSIS\SupportFunctions\arm_q15_to_q7.o Src\CMSIS\SupportFunctions\arm_q31_to_float.o Src\CMSIS\SupportFunctions\arm_q31_to_q15.o Src\CMSIS\SupportFunctions\arm_q31_to_q7.o Src\CMSIS\SupportFunctions\arm_q7_to_float.o Src\CMSIS\SupportFunctions\arm_q7_to_q15.o Src\CMSIS\SupportFunctions\arm_q7_to_q31.o Src\cJSON\cJSON.o Src\cJSON\cJSON_Utils.o Src\dma.o Src\experimentConfig.o Src\gpio.o Src\haptic.o Src\i2c.o Src\main.o Src\parseConfig.o Src\simulation\massStatesCalculation.o Src\simulation\pedalVariables.o Src\simulation\pointersForPrint.o Src\simulation\simulationVariables_forSpringMassDamper.o Src\stm32f7xx_hal_msp.o Src\stm32f7xx_it.o Src\system_stm32f7xx.o Src\tim.o Src\usart.o startup\startup_stm32f767xx.o -mthumb -mcpu=cortex-m7 -mfloat-abi=hard -mfpu=fpv5-d16 -T../STM32F767ZI_FLASH.ld -specs=nosys.specs -static -Wl,-Map=atlasHaptic_nucleo767ZI.map -Wl,--gc-sections -Wl,--defsym=malloc_getpagesize_P=0x80 -Wl,--start-group -lc -lm -Wl,--end-group -specs=nano.specs 
C:\Program Files (x86)\Atollic\TrueSTUDIO for STM32 9.0.1\ide\jre\bin\java -jar C:\Program Files (x86)\Atollic\TrueSTUDIO for STM32 9.0.1\Tools\arm-atollic-reports.jar sizeinfo list atlasHaptic_nucleo767ZI.elf 
Generate build reports...
Print size information
   text	   data	    bss	    dec	    hex	filename
  43616	    520	   3848	  47984	   bb70	atlasHaptic_nucleo767ZI.elf
Print size information done
Generate listing file
Output sent to: atlasHaptic_nucleo767ZI.list
Generate listing file done
Generate build reports done
arm-atollic-eabi-objcopy.exe -O ihex atlasHaptic_nucleo767ZI.elf atlasHaptic_nucleo767ZI.hex 
Info: Parallel threads used: 1

23:05:16 Build Finished (took 622ms)

