01:28:15 **** Incremental Build of configuration Debug for project atlasHaptic_nucleo767ZI ****
Info: Internal Builder is used for build
arm-atollic-eabi-gcc -c -mthumb -mcpu=cortex-m7 -mfloat-abi=hard -mfpu=fpv5-d16 -std=gnu11 -D__weak=__attribute__((weak)) -D__packed=__attribute__((__packed__)) -DUSE_HAL_DRIVER -DSTM32F767xx -I../Inc -I../Drivers/STM32F7xx_HAL_Driver/Inc -I../Drivers/STM32F7xx_HAL_Driver/Inc/Legacy -I../Drivers/CMSIS/Device/ST/STM32F7xx/Include -I../Drivers/CMSIS/Include -O2 -ffunction-sections -fdata-sections -g -fstack-usage -Wall -specs=nano.specs -o Src\MPU6050.o ..\Src\MPU6050.c 
..\Src\MPU6050.c: In function 'hapticLoop':
..\Src\MPU6050.c:190:30: warning: passing argument 2 of 'HAL_UART_Transmit' from incompatible pointer type [-Wincompatible-pointer-types]
   HAL_UART_Transmit(&huart3, &loopCount, 4, 10);
                              ^
In file included from ../Inc/stm32f7xx_hal_conf.h:385:0,
                 from ../Drivers/STM32F7xx_HAL_Driver/Inc/stm32f7xx_hal.h:46,
                 from ..\Src\MPU6050.c:3:
../Drivers/STM32F7xx_HAL_Driver/Inc/stm32f7xx_hal_uart.h:1137:19: note: expected 'uint8_t * {aka unsigned char *}' but argument is of type 'uint32_t * {aka long unsigned int *}'
 HAL_StatusTypeDef HAL_UART_Transmit(UART_HandleTypeDef *huart, uint8_t *pData, uint16_t Size, uint32_t Timeout);
                   ^~~~~~~~~~~~~~~~~
..\Src\MPU6050.c:191:30: warning: passing argument 2 of 'HAL_UART_Transmit' from incompatible pointer type [-Wincompatible-pointer-types]
   HAL_UART_Transmit(&huart3, &(pedalVariables.measuredVariables.position), 4, 10);
                              ^
In file included from ../Inc/stm32f7xx_hal_conf.h:385:0,
                 from ../Drivers/STM32F7xx_HAL_Driver/Inc/stm32f7xx_hal.h:46,
                 from ..\Src\MPU6050.c:3:
../Drivers/STM32F7xx_HAL_Driver/Inc/stm32f7xx_hal_uart.h:1137:19: note: expected 'uint8_t * {aka unsigned char *}' but argument is of type 'volatile float *'
 HAL_StatusTypeDef HAL_UART_Transmit(UART_HandleTypeDef *huart, uint8_t *pData, uint16_t Size, uint32_t Timeout);
                   ^~~~~~~~~~~~~~~~~
..\Src\MPU6050.c:192:30: warning: passing argument 2 of 'HAL_UART_Transmit' from incompatible pointer type [-Wincompatible-pointer-types]
   HAL_UART_Transmit(&huart3, &(pedalVariables.estimatedVariables.positionFilterPlus), 4, 10);
                              ^
In file included from ../Inc/stm32f7xx_hal_conf.h:385:0,
                 from ../Drivers/STM32F7xx_HAL_Driver/Inc/stm32f7xx_hal.h:46,
                 from ..\Src\MPU6050.c:3:
../Drivers/STM32F7xx_HAL_Driver/Inc/stm32f7xx_hal_uart.h:1137:19: note: expected 'uint8_t * {aka unsigned char *}' but argument is of type 'volatile float *'
 HAL_StatusTypeDef HAL_UART_Transmit(UART_HandleTypeDef *huart, uint8_t *pData, uint16_t Size, uint32_t Timeout);
                   ^~~~~~~~~~~~~~~~~
..\Src\MPU6050.c:193:30: warning: passing argument 2 of 'HAL_UART_Transmit' from incompatible pointer type [-Wincompatible-pointer-types]
   HAL_UART_Transmit(&huart3, &(pedalVariables.measuredVariables.gyroVelocity), 4, 10);
                              ^
In file included from ../Inc/stm32f7xx_hal_conf.h:385:0,
                 from ../Drivers/STM32F7xx_HAL_Driver/Inc/stm32f7xx_hal.h:46,
                 from ..\Src\MPU6050.c:3:
../Drivers/STM32F7xx_HAL_Driver/Inc/stm32f7xx_hal_uart.h:1137:19: note: expected 'uint8_t * {aka unsigned char *}' but argument is of type 'volatile float *'
 HAL_StatusTypeDef HAL_UART_Transmit(UART_HandleTypeDef *huart, uint8_t *pData, uint16_t Size, uint32_t Timeout);
                   ^~~~~~~~~~~~~~~~~
..\Src\MPU6050.c:194:30: warning: passing argument 2 of 'HAL_UART_Transmit' from incompatible pointer type [-Wincompatible-pointer-types]
   HAL_UART_Transmit(&huart3, &(g_ssimulatedMassStates.massPosition), 4, 10);
                              ^
In file included from ../Inc/stm32f7xx_hal_conf.h:385:0,
                 from ../Drivers/STM32F7xx_HAL_Driver/Inc/stm32f7xx_hal.h:46,
                 from ..\Src\MPU6050.c:3:
../Drivers/STM32F7xx_HAL_Driver/Inc/stm32f7xx_hal_uart.h:1137:19: note: expected 'uint8_t * {aka unsigned char *}' but argument is of type 'volatile float *'
 HAL_StatusTypeDef HAL_UART_Transmit(UART_HandleTypeDef *huart, uint8_t *pData, uint16_t Size, uint32_t Timeout);
                   ^~~~~~~~~~~~~~~~~
..\Src\MPU6050.c:195:30: warning: passing argument 2 of 'HAL_UART_Transmit' from incompatible pointer type [-Wincompatible-pointer-types]
   HAL_UART_Transmit(&huart3, &(g_ssimulatedMassStates.massVelocity), 4, 10);
                              ^
In file included from ../Inc/stm32f7xx_hal_conf.h:385:0,
                 from ../Drivers/STM32F7xx_HAL_Driver/Inc/stm32f7xx_hal.h:46,
                 from ..\Src\MPU6050.c:3:
../Drivers/STM32F7xx_HAL_Driver/Inc/stm32f7xx_hal_uart.h:1137:19: note: expected 'uint8_t * {aka unsigned char *}' but argument is of type 'volatile float *'
 HAL_StatusTypeDef HAL_UART_Transmit(UART_HandleTypeDef *huart, uint8_t *pData, uint16_t Size, uint32_t Timeout);
                   ^~~~~~~~~~~~~~~~~
arm-atollic-eabi-gcc -o atlasHaptic_nucleo767ZI.elf Drivers\STM32F7xx_HAL_Driver\Src\stm32f7xx_hal.o Drivers\STM32F7xx_HAL_Driver\Src\stm32f7xx_hal_cortex.o Drivers\STM32F7xx_HAL_Driver\Src\stm32f7xx_hal_dma.o Drivers\STM32F7xx_HAL_Driver\Src\stm32f7xx_hal_dma_ex.o Drivers\STM32F7xx_HAL_Driver\Src\stm32f7xx_hal_flash.o Drivers\STM32F7xx_HAL_Driver\Src\stm32f7xx_hal_flash_ex.o Drivers\STM32F7xx_HAL_Driver\Src\stm32f7xx_hal_gpio.o Drivers\STM32F7xx_HAL_Driver\Src\stm32f7xx_hal_i2c.o Drivers\STM32F7xx_HAL_Driver\Src\stm32f7xx_hal_i2c_ex.o Drivers\STM32F7xx_HAL_Driver\Src\stm32f7xx_hal_pwr.o Drivers\STM32F7xx_HAL_Driver\Src\stm32f7xx_hal_pwr_ex.o Drivers\STM32F7xx_HAL_Driver\Src\stm32f7xx_hal_rcc.o Drivers\STM32F7xx_HAL_Driver\Src\stm32f7xx_hal_rcc_ex.o Drivers\STM32F7xx_HAL_Driver\Src\stm32f7xx_hal_tim.o Drivers\STM32F7xx_HAL_Driver\Src\stm32f7xx_hal_tim_ex.o Drivers\STM32F7xx_HAL_Driver\Src\stm32f7xx_hal_uart.o Src\MPU6050.o Src\dma.o Src\gpio.o Src\i2c.o Src\main.o Src\simulation\massStatesCalculation.o Src\simulation\pedalVariables.o Src\simulation\pointersForPrint.o Src\simulation\simulationVariables_forSpringMassDamper.o Src\stm32f7xx_hal_msp.o Src\stm32f7xx_it.o Src\system_stm32f7xx.o Src\tim.o Src\usart.o startup\startup_stm32f767xx.o -mthumb -mcpu=cortex-m7 -mfloat-abi=hard -mfpu=fpv5-d16 -T../STM32F767ZI_FLASH.ld -specs=nosys.specs -static -Wl,-Map=atlasHaptic_nucleo767ZI.map -Wl,--gc-sections -Wl,--defsym=malloc_getpagesize_P=0x80 -Wl,--start-group -lc -lm -Wl,--end-group -specs=nano.specs 
C:\Program Files (x86)\Atollic\TrueSTUDIO for STM32 9.0.1\ide\jre\bin\java -jar C:\Program Files (x86)\Atollic\TrueSTUDIO for STM32 9.0.1\Tools\arm-atollic-reports.jar sizeinfo list atlasHaptic_nucleo767ZI.elf 
Generate build reports...
Print size information
   text	   data	    bss	    dec	    hex	filename
  17684	     88	 482084	 499856	  7a090	atlasHaptic_nucleo767ZI.elf
Print size information done
Generate listing file
Output sent to: atlasHaptic_nucleo767ZI.list
Generate listing file done
Generate build reports done
arm-atollic-eabi-objcopy.exe -O ihex atlasHaptic_nucleo767ZI.elf atlasHaptic_nucleo767ZI.hex 

01:28:16 Build Finished (took 671ms)

