Info: Nothing to build for atlasHaptic_nucleo767ZI
00:21:18 **** Incremental Build of configuration Debug for project atlasHaptic_nucleo767ZI ****
Info: Internal Builder is used for build
arm-atollic-eabi-gcc -c -mthumb -mcpu=cortex-m7 -mfloat-abi=hard -mfpu=fpv5-d16 -std=gnu11 -D__weak=__attribute__((weak)) -D__packed=__attribute__((__packed__)) -DUSE_HAL_DRIVER -DSTM32F767xx -DARM_MATH_CM7 -D__FPU_PRESENT=1 -I../Inc -I../Drivers/STM32F7xx_HAL_Driver/Inc -I../Drivers/STM32F7xx_HAL_Driver/Inc/Legacy -I../Drivers/CMSIS/Device/ST/STM32F7xx/Include -I../Drivers/CMSIS/Include -O0 -ffunction-sections -fdata-sections -g -fstack-usage -Wall -specs=nano.specs -o Src\main.o ..\Src\main.c 
arm-atollic-eabi-gcc -c -mthumb -mcpu=cortex-m7 -mfloat-abi=hard -mfpu=fpv5-d16 -std=gnu11 -D__weak=__attribute__((weak)) -D__packed=__attribute__((__packed__)) -DUSE_HAL_DRIVER -DSTM32F767xx -DARM_MATH_CM7 -D__FPU_PRESENT=1 -I../Inc -I../Drivers/STM32F7xx_HAL_Driver/Inc -I../Drivers/STM32F7xx_HAL_Driver/Inc/Legacy -I../Drivers/CMSIS/Device/ST/STM32F7xx/Include -I../Drivers/CMSIS/Include -O0 -ffunction-sections -fdata-sections -g -fstack-usage -Wall -specs=nano.specs -o Src\i2c.o ..\Src\i2c.c 
arm-atollic-eabi-gcc -c -mthumb -mcpu=cortex-m7 -mfloat-abi=hard -mfpu=fpv5-d16 -std=gnu11 -D__weak=__attribute__((weak)) -D__packed=__attribute__((__packed__)) -DUSE_HAL_DRIVER -DSTM32F767xx -DARM_MATH_CM7 -D__FPU_PRESENT=1 -I../Inc -I../Drivers/STM32F7xx_HAL_Driver/Inc -I../Drivers/STM32F7xx_HAL_Driver/Inc/Legacy -I../Drivers/CMSIS/Device/ST/STM32F7xx/Include -I../Drivers/CMSIS/Include -O0 -ffunction-sections -fdata-sections -g -fstack-usage -Wall -specs=nano.specs -o Drivers\STM32F7xx_HAL_Driver\Src\stm32f7xx_hal_uart.o ..\Drivers\STM32F7xx_HAL_Driver\Src\stm32f7xx_hal_uart.c 
arm-atollic-eabi-gcc -c -mthumb -mcpu=cortex-m7 -mfloat-abi=hard -mfpu=fpv5-d16 -std=gnu11 -D__weak=__attribute__((weak)) -D__packed=__attribute__((__packed__)) -DUSE_HAL_DRIVER -DSTM32F767xx -DARM_MATH_CM7 -D__FPU_PRESENT=1 -I../Inc -I../Drivers/STM32F7xx_HAL_Driver/Inc -I../Drivers/STM32F7xx_HAL_Driver/Inc/Legacy -I../Drivers/CMSIS/Device/ST/STM32F7xx/Include -I../Drivers/CMSIS/Include -O0 -ffunction-sections -fdata-sections -g -fstack-usage -Wall -specs=nano.specs -o Drivers\STM32F7xx_HAL_Driver\Src\stm32f7xx_hal_gpio.o ..\Drivers\STM32F7xx_HAL_Driver\Src\stm32f7xx_hal_gpio.c 
arm-atollic-eabi-gcc -c -mthumb -mcpu=cortex-m7 -mfloat-abi=hard -mfpu=fpv5-d16 -std=gnu11 -D__weak=__attribute__((weak)) -D__packed=__attribute__((__packed__)) -DUSE_HAL_DRIVER -DSTM32F767xx -DARM_MATH_CM7 -D__FPU_PRESENT=1 -I../Inc -I../Drivers/STM32F7xx_HAL_Driver/Inc -I../Drivers/STM32F7xx_HAL_Driver/Inc/Legacy -I../Drivers/CMSIS/Device/ST/STM32F7xx/Include -I../Drivers/CMSIS/Include -O0 -ffunction-sections -fdata-sections -g -fstack-usage -Wall -specs=nano.specs -o Drivers\STM32F7xx_HAL_Driver\Src\stm32f7xx_hal_i2c_ex.o ..\Drivers\STM32F7xx_HAL_Driver\Src\stm32f7xx_hal_i2c_ex.c 
arm-atollic-eabi-gcc -c -mthumb -mcpu=cortex-m7 -mfloat-abi=hard -mfpu=fpv5-d16 -std=gnu11 -D__weak=__attribute__((weak)) -D__packed=__attribute__((__packed__)) -DUSE_HAL_DRIVER -DSTM32F767xx -DARM_MATH_CM7 -D__FPU_PRESENT=1 -I../Inc -I../Drivers/STM32F7xx_HAL_Driver/Inc -I../Drivers/STM32F7xx_HAL_Driver/Inc/Legacy -I../Drivers/CMSIS/Device/ST/STM32F7xx/Include -I../Drivers/CMSIS/Include -O0 -ffunction-sections -fdata-sections -g -fstack-usage -Wall -specs=nano.specs -o Src\stm32f7xx_hal_msp.o ..\Src\stm32f7xx_hal_msp.c 
arm-atollic-eabi-gcc -c -mthumb -mcpu=cortex-m7 -mfloat-abi=hard -mfpu=fpv5-d16 -std=gnu11 -D__weak=__attribute__((weak)) -D__packed=__attribute__((__packed__)) -DUSE_HAL_DRIVER -DSTM32F767xx -DARM_MATH_CM7 -D__FPU_PRESENT=1 -I../Inc -I../Drivers/STM32F7xx_HAL_Driver/Inc -I../Drivers/STM32F7xx_HAL_Driver/Inc/Legacy -I../Drivers/CMSIS/Device/ST/STM32F7xx/Include -I../Drivers/CMSIS/Include -O0 -ffunction-sections -fdata-sections -g -fstack-usage -Wall -specs=nano.specs -o Src\stm32f7xx_it.o ..\Src\stm32f7xx_it.c 
arm-atollic-eabi-gcc -c -mthumb -mcpu=cortex-m7 -mfloat-abi=hard -mfpu=fpv5-d16 -std=gnu11 -D__weak=__attribute__((weak)) -D__packed=__attribute__((__packed__)) -DUSE_HAL_DRIVER -DSTM32F767xx -DARM_MATH_CM7 -D__FPU_PRESENT=1 -I../Inc -I../Drivers/STM32F7xx_HAL_Driver/Inc -I../Drivers/STM32F7xx_HAL_Driver/Inc/Legacy -I../Drivers/CMSIS/Device/ST/STM32F7xx/Include -I../Drivers/CMSIS/Include -O0 -ffunction-sections -fdata-sections -g -fstack-usage -Wall -specs=nano.specs -o Src\gpio.o ..\Src\gpio.c 
arm-atollic-eabi-gcc -c -mthumb -mcpu=cortex-m7 -mfloat-abi=hard -mfpu=fpv5-d16 -std=gnu11 -D__weak=__attribute__((weak)) -D__packed=__attribute__((__packed__)) -DUSE_HAL_DRIVER -DSTM32F767xx -DARM_MATH_CM7 -D__FPU_PRESENT=1 -I../Inc -I../Drivers/STM32F7xx_HAL_Driver/Inc -I../Drivers/STM32F7xx_HAL_Driver/Inc/Legacy -I../Drivers/CMSIS/Device/ST/STM32F7xx/Include -I../Drivers/CMSIS/Include -O0 -ffunction-sections -fdata-sections -g -fstack-usage -Wall -specs=nano.specs -o Src\haptic.o ..\Src\haptic.c 
In file included from ..\Src\haptic.c:13:0:
../Inc/experimentConfig.h:11:8: error: unknown type name 'experimentConfig_t'
 extern experimentConfig_t experimentConfig;
        ^~~~~~~~~~~~~~~~~~
..\Src\haptic.c: In function 'hapticLoop':
..\Src\haptic.c:128:23: error: request for member 'hasJSONCome' in something not a structure or union
    if(experimentConfig.hasJSONCome)
                       ^
..\Src\haptic.c:130:41: error: request for member 'waitingPeriod' in something not a structure or union
     waitPeriodCounter = experimentConfig.waitingPeriod;
                                         ^
..\Src\haptic.c:184:36: error: request for member 'period' in something not a structure or union
    if(loopCount == experimentConfig.period-1)
                                    ^
00:21:46 **** Incremental Build of configuration Debug for project atlasHaptic_nucleo767ZI ****
Info: Internal Builder is used for build
arm-atollic-eabi-gcc -c -mthumb -mcpu=cortex-m7 -mfloat-abi=hard -mfpu=fpv5-d16 -std=gnu11 -D__weak=__attribute__((weak)) -D__packed=__attribute__((__packed__)) -DUSE_HAL_DRIVER -DSTM32F767xx -DARM_MATH_CM7 -D__FPU_PRESENT=1 -I../Inc -I../Drivers/STM32F7xx_HAL_Driver/Inc -I../Drivers/STM32F7xx_HAL_Driver/Inc/Legacy -I../Drivers/CMSIS/Device/ST/STM32F7xx/Include -I../Drivers/CMSIS/Include -O0 -ffunction-sections -fdata-sections -g -fstack-usage -Wall -specs=nano.specs -o Drivers\STM32F7xx_HAL_Driver\Src\stm32f7xx_hal_rcc.o ..\Drivers\STM32F7xx_HAL_Driver\Src\stm32f7xx_hal_rcc.c 
arm-atollic-eabi-gcc -c -mthumb -mcpu=cortex-m7 -mfloat-abi=hard -mfpu=fpv5-d16 -std=gnu11 -D__weak=__attribute__((weak)) -D__packed=__attribute__((__packed__)) -DUSE_HAL_DRIVER -DSTM32F767xx -DARM_MATH_CM7 -D__FPU_PRESENT=1 -I../Inc -I../Drivers/STM32F7xx_HAL_Driver/Inc -I../Drivers/STM32F7xx_HAL_Driver/Inc/Legacy -I../Drivers/CMSIS/Device/ST/STM32F7xx/Include -I../Drivers/CMSIS/Include -O0 -ffunction-sections -fdata-sections -g -fstack-usage -Wall -specs=nano.specs -o Drivers\STM32F7xx_HAL_Driver\Src\stm32f7xx_hal.o ..\Drivers\STM32F7xx_HAL_Driver\Src\stm32f7xx_hal.c 
arm-atollic-eabi-gcc -c -mthumb -mcpu=cortex-m7 -mfloat-abi=hard -mfpu=fpv5-d16 -std=gnu11 -D__weak=__attribute__((weak)) -D__packed=__attribute__((__packed__)) -DUSE_HAL_DRIVER -DSTM32F767xx -DARM_MATH_CM7 -D__FPU_PRESENT=1 -I../Inc -I../Drivers/STM32F7xx_HAL_Driver/Inc -I../Drivers/STM32F7xx_HAL_Driver/Inc/Legacy -I../Drivers/CMSIS/Device/ST/STM32F7xx/Include -I../Drivers/CMSIS/Include -O0 -ffunction-sections -fdata-sections -g -fstack-usage -Wall -specs=nano.specs -o Src\dma.o ..\Src\dma.c 
arm-atollic-eabi-gcc -c -mthumb -mcpu=cortex-m7 -mfloat-abi=hard -mfpu=fpv5-d16 -std=gnu11 -D__weak=__attribute__((weak)) -D__packed=__attribute__((__packed__)) -DUSE_HAL_DRIVER -DSTM32F767xx -DARM_MATH_CM7 -D__FPU_PRESENT=1 -I../Inc -I../Drivers/STM32F7xx_HAL_Driver/Inc -I../Drivers/STM32F7xx_HAL_Driver/Inc/Legacy -I../Drivers/CMSIS/Device/ST/STM32F7xx/Include -I../Drivers/CMSIS/Include -O0 -ffunction-sections -fdata-sections -g -fstack-usage -Wall -specs=nano.specs -o Src\usart.o ..\Src\usart.c 
arm-atollic-eabi-gcc -c -mthumb -mcpu=cortex-m7 -mfloat-abi=hard -mfpu=fpv5-d16 -std=gnu11 -D__weak=__attribute__((weak)) -D__packed=__attribute__((__packed__)) -DUSE_HAL_DRIVER -DSTM32F767xx -DARM_MATH_CM7 -D__FPU_PRESENT=1 -I../Inc -I../Drivers/STM32F7xx_HAL_Driver/Inc -I../Drivers/STM32F7xx_HAL_Driver/Inc/Legacy -I../Drivers/CMSIS/Device/ST/STM32F7xx/Include -I../Drivers/CMSIS/Include -O0 -ffunction-sections -fdata-sections -g -fstack-usage -Wall -specs=nano.specs -o Drivers\STM32F7xx_HAL_Driver\Src\stm32f7xx_hal_dma_ex.o ..\Drivers\STM32F7xx_HAL_Driver\Src\stm32f7xx_hal_dma_ex.c 
arm-atollic-eabi-gcc -c -mthumb -mcpu=cortex-m7 -mfloat-abi=hard -mfpu=fpv5-d16 -std=gnu11 -D__weak=__attribute__((weak)) -D__packed=__attribute__((__packed__)) -DUSE_HAL_DRIVER -DSTM32F767xx -DARM_MATH_CM7 -D__FPU_PRESENT=1 -I../Inc -I../Drivers/STM32F7xx_HAL_Driver/Inc -I../Drivers/STM32F7xx_HAL_Driver/Inc/Legacy -I../Drivers/CMSIS/Device/ST/STM32F7xx/Include -I../Drivers/CMSIS/Include -O0 -ffunction-sections -fdata-sections -g -fstack-usage -Wall -specs=nano.specs -o Src\haptic.o ..\Src\haptic.c 
In file included from ..\Src\haptic.c:13:0:
../Inc/experimentConfig.h:11:8: error: unknown type name 'experimentConfig_t'
 extern experimentConfig_t experimentConfig;
        ^~~~~~~~~~~~~~~~~~
..\Src\haptic.c: In function 'hapticLoop':
..\Src\haptic.c:128:23: error: request for member 'hasJSONCome' in something not a structure or union
    if(experimentConfig.hasJSONCome)
                       ^
..\Src\haptic.c:130:41: error: request for member 'waitingPeriod' in something not a structure or union
     waitPeriodCounter = experimentConfig.waitingPeriod;
                                         ^
..\Src\haptic.c:184:36: error: request for member 'period' in something not a structure or union
    if(loopCount == experimentConfig.period-1)
                                    ^
00:23:13 **** Incremental Build of configuration Debug for project atlasHaptic_nucleo767ZI ****
Info: Internal Builder is used for build
arm-atollic-eabi-gcc -c -mthumb -mcpu=cortex-m7 -mfloat-abi=hard -mfpu=fpv5-d16 -std=gnu11 -D__weak=__attribute__((weak)) -D__packed=__attribute__((__packed__)) -DUSE_HAL_DRIVER -DSTM32F767xx -DARM_MATH_CM7 -D__FPU_PRESENT=1 -I../Inc -I../Drivers/STM32F7xx_HAL_Driver/Inc -I../Drivers/STM32F7xx_HAL_Driver/Inc/Legacy -I../Drivers/CMSIS/Device/ST/STM32F7xx/Include -I../Drivers/CMSIS/Include -O0 -ffunction-sections -fdata-sections -g -fstack-usage -Wall -specs=nano.specs -o Drivers\STM32F7xx_HAL_Driver\Src\stm32f7xx_hal_tim_ex.o ..\Drivers\STM32F7xx_HAL_Driver\Src\stm32f7xx_hal_tim_ex.c 
arm-atollic-eabi-gcc -c -mthumb -mcpu=cortex-m7 -mfloat-abi=hard -mfpu=fpv5-d16 -std=gnu11 -D__weak=__attribute__((weak)) -D__packed=__attribute__((__packed__)) -DUSE_HAL_DRIVER -DSTM32F767xx -DARM_MATH_CM7 -D__FPU_PRESENT=1 -I../Inc -I../Drivers/STM32F7xx_HAL_Driver/Inc -I../Drivers/STM32F7xx_HAL_Driver/Inc/Legacy -I../Drivers/CMSIS/Device/ST/STM32F7xx/Include -I../Drivers/CMSIS/Include -O0 -ffunction-sections -fdata-sections -g -fstack-usage -Wall -specs=nano.specs -o Src\tim.o ..\Src\tim.c 
arm-atollic-eabi-gcc -c -mthumb -mcpu=cortex-m7 -mfloat-abi=hard -mfpu=fpv5-d16 -std=gnu11 -D__weak=__attribute__((weak)) -D__packed=__attribute__((__packed__)) -DUSE_HAL_DRIVER -DSTM32F767xx -DARM_MATH_CM7 -D__FPU_PRESENT=1 -I../Inc -I../Drivers/STM32F7xx_HAL_Driver/Inc -I../Drivers/STM32F7xx_HAL_Driver/Inc/Legacy -I../Drivers/CMSIS/Device/ST/STM32F7xx/Include -I../Drivers/CMSIS/Include -O0 -ffunction-sections -fdata-sections -g -fstack-usage -Wall -specs=nano.specs -o Drivers\STM32F7xx_HAL_Driver\Src\stm32f7xx_hal_pwr_ex.o ..\Drivers\STM32F7xx_HAL_Driver\Src\stm32f7xx_hal_pwr_ex.c 
arm-atollic-eabi-gcc -c -mthumb -mcpu=cortex-m7 -mfloat-abi=hard -mfpu=fpv5-d16 -std=gnu11 -D__weak=__attribute__((weak)) -D__packed=__attribute__((__packed__)) -DUSE_HAL_DRIVER -DSTM32F767xx -DARM_MATH_CM7 -D__FPU_PRESENT=1 -I../Inc -I../Drivers/STM32F7xx_HAL_Driver/Inc -I../Drivers/STM32F7xx_HAL_Driver/Inc/Legacy -I../Drivers/CMSIS/Device/ST/STM32F7xx/Include -I../Drivers/CMSIS/Include -O0 -ffunction-sections -fdata-sections -g -fstack-usage -Wall -specs=nano.specs -o Drivers\STM32F7xx_HAL_Driver\Src\stm32f7xx_hal_cortex.o ..\Drivers\STM32F7xx_HAL_Driver\Src\stm32f7xx_hal_cortex.c 
arm-atollic-eabi-gcc -c -mthumb -mcpu=cortex-m7 -mfloat-abi=hard -mfpu=fpv5-d16 -std=gnu11 -D__weak=__attribute__((weak)) -D__packed=__attribute__((__packed__)) -DUSE_HAL_DRIVER -DSTM32F767xx -DARM_MATH_CM7 -D__FPU_PRESENT=1 -I../Inc -I../Drivers/STM32F7xx_HAL_Driver/Inc -I../Drivers/STM32F7xx_HAL_Driver/Inc/Legacy -I../Drivers/CMSIS/Device/ST/STM32F7xx/Include -I../Drivers/CMSIS/Include -O0 -ffunction-sections -fdata-sections -g -fstack-usage -Wall -specs=nano.specs -o Drivers\STM32F7xx_HAL_Driver\Src\stm32f7xx_hal_pwr.o ..\Drivers\STM32F7xx_HAL_Driver\Src\stm32f7xx_hal_pwr.c 
arm-atollic-eabi-gcc -c -mthumb -mcpu=cortex-m7 -mfloat-abi=hard -mfpu=fpv5-d16 -std=gnu11 -D__weak=__attribute__((weak)) -D__packed=__attribute__((__packed__)) -DUSE_HAL_DRIVER -DSTM32F767xx -DARM_MATH_CM7 -D__FPU_PRESENT=1 -I../Inc -I../Drivers/STM32F7xx_HAL_Driver/Inc -I../Drivers/STM32F7xx_HAL_Driver/Inc/Legacy -I../Drivers/CMSIS/Device/ST/STM32F7xx/Include -I../Drivers/CMSIS/Include -O0 -ffunction-sections -fdata-sections -g -fstack-usage -Wall -specs=nano.specs -o Drivers\STM32F7xx_HAL_Driver\Src\stm32f7xx_hal_flash.o ..\Drivers\STM32F7xx_HAL_Driver\Src\stm32f7xx_hal_flash.c 
arm-atollic-eabi-gcc -c -mthumb -mcpu=cortex-m7 -mfloat-abi=hard -mfpu=fpv5-d16 -std=gnu11 -D__weak=__attribute__((weak)) -D__packed=__attribute__((__packed__)) -DUSE_HAL_DRIVER -DSTM32F767xx -DARM_MATH_CM7 -D__FPU_PRESENT=1 -I../Inc -I../Drivers/STM32F7xx_HAL_Driver/Inc -I../Drivers/STM32F7xx_HAL_Driver/Inc/Legacy -I../Drivers/CMSIS/Device/ST/STM32F7xx/Include -I../Drivers/CMSIS/Include -O0 -ffunction-sections -fdata-sections -g -fstack-usage -Wall -specs=nano.specs -o Src\experimentConfig.o ..\Src\experimentConfig.c 
..\Src\experimentConfig.c:11:1: error: unknown type name 'experimentConfig_t'
 experimentConfig_t experimentConfig;
 ^~~~~~~~~~~~~~~~~~
00:23:35 **** Incremental Build of configuration Debug for project atlasHaptic_nucleo767ZI ****
Info: Internal Builder is used for build
arm-atollic-eabi-gcc -c -mthumb -mcpu=cortex-m7 -mfloat-abi=hard -mfpu=fpv5-d16 -std=gnu11 -D__weak=__attribute__((weak)) -D__packed=__attribute__((__packed__)) -DUSE_HAL_DRIVER -DSTM32F767xx -DARM_MATH_CM7 -D__FPU_PRESENT=1 -I../Inc -I../Drivers/STM32F7xx_HAL_Driver/Inc -I../Drivers/STM32F7xx_HAL_Driver/Inc/Legacy -I../Drivers/CMSIS/Device/ST/STM32F7xx/Include -I../Drivers/CMSIS/Include -O0 -ffunction-sections -fdata-sections -g -fstack-usage -Wall -specs=nano.specs -o Drivers\STM32F7xx_HAL_Driver\Src\stm32f7xx_hal_rcc_ex.o ..\Drivers\STM32F7xx_HAL_Driver\Src\stm32f7xx_hal_rcc_ex.c 
arm-atollic-eabi-gcc -c -mthumb -mcpu=cortex-m7 -mfloat-abi=hard -mfpu=fpv5-d16 -std=gnu11 -D__weak=__attribute__((weak)) -D__packed=__attribute__((__packed__)) -DUSE_HAL_DRIVER -DSTM32F767xx -DARM_MATH_CM7 -D__FPU_PRESENT=1 -I../Inc -I../Drivers/STM32F7xx_HAL_Driver/Inc -I../Drivers/STM32F7xx_HAL_Driver/Inc/Legacy -I../Drivers/CMSIS/Device/ST/STM32F7xx/Include -I../Drivers/CMSIS/Include -O0 -ffunction-sections -fdata-sections -g -fstack-usage -Wall -specs=nano.specs -o Src\experimentConfig.o ..\Src\experimentConfig.c 
arm-atollic-eabi-gcc -c -mthumb -mcpu=cortex-m7 -mfloat-abi=hard -mfpu=fpv5-d16 -std=gnu11 -D__weak=__attribute__((weak)) -D__packed=__attribute__((__packed__)) -DUSE_HAL_DRIVER -DSTM32F767xx -DARM_MATH_CM7 -D__FPU_PRESENT=1 -I../Inc -I../Drivers/STM32F7xx_HAL_Driver/Inc -I../Drivers/STM32F7xx_HAL_Driver/Inc/Legacy -I../Drivers/CMSIS/Device/ST/STM32F7xx/Include -I../Drivers/CMSIS/Include -O0 -ffunction-sections -fdata-sections -g -fstack-usage -Wall -specs=nano.specs -o Drivers\STM32F7xx_HAL_Driver\Src\stm32f7xx_hal_i2c.o ..\Drivers\STM32F7xx_HAL_Driver\Src\stm32f7xx_hal_i2c.c 
arm-atollic-eabi-gcc -c -mthumb -mcpu=cortex-m7 -mfloat-abi=hard -mfpu=fpv5-d16 -std=gnu11 -D__weak=__attribute__((weak)) -D__packed=__attribute__((__packed__)) -DUSE_HAL_DRIVER -DSTM32F767xx -DARM_MATH_CM7 -D__FPU_PRESENT=1 -I../Inc -I../Drivers/STM32F7xx_HAL_Driver/Inc -I../Drivers/STM32F7xx_HAL_Driver/Inc/Legacy -I../Drivers/CMSIS/Device/ST/STM32F7xx/Include -I../Drivers/CMSIS/Include -O0 -ffunction-sections -fdata-sections -g -fstack-usage -Wall -specs=nano.specs -o Drivers\STM32F7xx_HAL_Driver\Src\stm32f7xx_hal_dma.o ..\Drivers\STM32F7xx_HAL_Driver\Src\stm32f7xx_hal_dma.c 
arm-atollic-eabi-gcc -c -mthumb -mcpu=cortex-m7 -mfloat-abi=hard -mfpu=fpv5-d16 -std=gnu11 -D__weak=__attribute__((weak)) -D__packed=__attribute__((__packed__)) -DUSE_HAL_DRIVER -DSTM32F767xx -DARM_MATH_CM7 -D__FPU_PRESENT=1 -I../Inc -I../Drivers/STM32F7xx_HAL_Driver/Inc -I../Drivers/STM32F7xx_HAL_Driver/Inc/Legacy -I../Drivers/CMSIS/Device/ST/STM32F7xx/Include -I../Drivers/CMSIS/Include -O0 -ffunction-sections -fdata-sections -g -fstack-usage -Wall -specs=nano.specs -o Src\haptic.o ..\Src\haptic.c 
arm-atollic-eabi-gcc -c -mthumb -mcpu=cortex-m7 -mfloat-abi=hard -mfpu=fpv5-d16 -std=gnu11 -D__weak=__attribute__((weak)) -D__packed=__attribute__((__packed__)) -DUSE_HAL_DRIVER -DSTM32F767xx -DARM_MATH_CM7 -D__FPU_PRESENT=1 -I../Inc -I../Drivers/STM32F7xx_HAL_Driver/Inc -I../Drivers/STM32F7xx_HAL_Driver/Inc/Legacy -I../Drivers/CMSIS/Device/ST/STM32F7xx/Include -I../Drivers/CMSIS/Include -O0 -ffunction-sections -fdata-sections -g -fstack-usage -Wall -specs=nano.specs -o Drivers\STM32F7xx_HAL_Driver\Src\stm32f7xx_hal_flash_ex.o ..\Drivers\STM32F7xx_HAL_Driver\Src\stm32f7xx_hal_flash_ex.c 
arm-atollic-eabi-gcc -c -mthumb -mcpu=cortex-m7 -mfloat-abi=hard -mfpu=fpv5-d16 -std=gnu11 -D__weak=__attribute__((weak)) -D__packed=__attribute__((__packed__)) -DUSE_HAL_DRIVER -DSTM32F767xx -DARM_MATH_CM7 -D__FPU_PRESENT=1 -I../Inc -I../Drivers/STM32F7xx_HAL_Driver/Inc -I../Drivers/STM32F7xx_HAL_Driver/Inc/Legacy -I../Drivers/CMSIS/Device/ST/STM32F7xx/Include -I../Drivers/CMSIS/Include -O0 -ffunction-sections -fdata-sections -g -fstack-usage -Wall -specs=nano.specs -o Drivers\STM32F7xx_HAL_Driver\Src\stm32f7xx_hal_tim.o ..\Drivers\STM32F7xx_HAL_Driver\Src\stm32f7xx_hal_tim.c 
arm-atollic-eabi-gcc -o atlasHaptic_nucleo767ZI.elf Drivers\STM32F7xx_HAL_Driver\Src\stm32f7xx_hal.o Drivers\STM32F7xx_HAL_Driver\Src\stm32f7xx_hal_cortex.o Drivers\STM32F7xx_HAL_Driver\Src\stm32f7xx_hal_dma.o Drivers\STM32F7xx_HAL_Driver\Src\stm32f7xx_hal_dma_ex.o Drivers\STM32F7xx_HAL_Driver\Src\stm32f7xx_hal_flash.o Drivers\STM32F7xx_HAL_Driver\Src\stm32f7xx_hal_flash_ex.o Drivers\STM32F7xx_HAL_Driver\Src\stm32f7xx_hal_gpio.o Drivers\STM32F7xx_HAL_Driver\Src\stm32f7xx_hal_i2c.o Drivers\STM32F7xx_HAL_Driver\Src\stm32f7xx_hal_i2c_ex.o Drivers\STM32F7xx_HAL_Driver\Src\stm32f7xx_hal_pwr.o Drivers\STM32F7xx_HAL_Driver\Src\stm32f7xx_hal_pwr_ex.o Drivers\STM32F7xx_HAL_Driver\Src\stm32f7xx_hal_rcc.o Drivers\STM32F7xx_HAL_Driver\Src\stm32f7xx_hal_rcc_ex.o Drivers\STM32F7xx_HAL_Driver\Src\stm32f7xx_hal_tim.o Drivers\STM32F7xx_HAL_Driver\Src\stm32f7xx_hal_tim_ex.o Drivers\STM32F7xx_HAL_Driver\Src\stm32f7xx_hal_uart.o Src\CMSIS\BasicMathFunctions\arm_abs_f32.o Src\CMSIS\BasicMathFunctions\arm_abs_q15.o Src\CMSIS\BasicMathFunctions\arm_abs_q31.o Src\CMSIS\BasicMathFunctions\arm_abs_q7.o Src\CMSIS\BasicMathFunctions\arm_add_f32.o Src\CMSIS\BasicMathFunctions\arm_add_q15.o Src\CMSIS\BasicMathFunctions\arm_add_q31.o Src\CMSIS\BasicMathFunctions\arm_add_q7.o Src\CMSIS\BasicMathFunctions\arm_dot_prod_f32.o Src\CMSIS\BasicMathFunctions\arm_dot_prod_q15.o Src\CMSIS\BasicMathFunctions\arm_dot_prod_q31.o Src\CMSIS\BasicMathFunctions\arm_dot_prod_q7.o Src\CMSIS\BasicMathFunctions\arm_mult_f32.o Src\CMSIS\BasicMathFunctions\arm_mult_q15.o Src\CMSIS\BasicMathFunctions\arm_mult_q31.o Src\CMSIS\BasicMathFunctions\arm_mult_q7.o Src\CMSIS\BasicMathFunctions\arm_negate_f32.o Src\CMSIS\BasicMathFunctions\arm_negate_q15.o Src\CMSIS\BasicMathFunctions\arm_negate_q31.o Src\CMSIS\BasicMathFunctions\arm_negate_q7.o Src\CMSIS\BasicMathFunctions\arm_offset_f32.o Src\CMSIS\BasicMathFunctions\arm_offset_q15.o Src\CMSIS\BasicMathFunctions\arm_offset_q31.o Src\CMSIS\BasicMathFunctions\arm_offset_q7.o Src\CMSIS\BasicMathFunctions\arm_scale_f32.o Src\CMSIS\BasicMathFunctions\arm_scale_q15.o Src\CMSIS\BasicMathFunctions\arm_scale_q31.o Src\CMSIS\BasicMathFunctions\arm_scale_q7.o Src\CMSIS\BasicMathFunctions\arm_shift_q15.o Src\CMSIS\BasicMathFunctions\arm_shift_q31.o Src\CMSIS\BasicMathFunctions\arm_shift_q7.o Src\CMSIS\BasicMathFunctions\arm_sub_f32.o Src\CMSIS\BasicMathFunctions\arm_sub_q15.o Src\CMSIS\BasicMathFunctions\arm_sub_q31.o Src\CMSIS\BasicMathFunctions\arm_sub_q7.o Src\CMSIS\CommonTables\arm_common_tables.o Src\CMSIS\CommonTables\arm_const_structs.o Src\CMSIS\ControllerFunctions\arm_pid_init_f32.o Src\CMSIS\ControllerFunctions\arm_pid_init_q15.o Src\CMSIS\ControllerFunctions\arm_pid_init_q31.o Src\CMSIS\ControllerFunctions\arm_pid_reset_f32.o Src\CMSIS\ControllerFunctions\arm_pid_reset_q15.o Src\CMSIS\ControllerFunctions\arm_pid_reset_q31.o Src\CMSIS\ControllerFunctions\arm_sin_cos_f32.o Src\CMSIS\ControllerFunctions\arm_sin_cos_q31.o Src\CMSIS\FastMathFunctions\arm_cos_f32.o Src\CMSIS\FastMathFunctions\arm_cos_q15.o Src\CMSIS\FastMathFunctions\arm_cos_q31.o Src\CMSIS\FastMathFunctions\arm_sin_f32.o Src\CMSIS\FastMathFunctions\arm_sin_q15.o Src\CMSIS\FastMathFunctions\arm_sin_q31.o Src\CMSIS\FastMathFunctions\arm_sqrt_q15.o Src\CMSIS\FastMathFunctions\arm_sqrt_q31.o Src\CMSIS\SupportFunctions\arm_copy_f32.o Src\CMSIS\SupportFunctions\arm_copy_q15.o Src\CMSIS\SupportFunctions\arm_copy_q31.o Src\CMSIS\SupportFunctions\arm_copy_q7.o Src\CMSIS\SupportFunctions\arm_fill_f32.o Src\CMSIS\SupportFunctions\arm_fill_q15.o Src\CMSIS\SupportFunctions\arm_fill_q31.o Src\CMSIS\SupportFunctions\arm_fill_q7.o Src\CMSIS\SupportFunctions\arm_float_to_q15.o Src\CMSIS\SupportFunctions\arm_float_to_q31.o Src\CMSIS\SupportFunctions\arm_float_to_q7.o Src\CMSIS\SupportFunctions\arm_q15_to_float.o Src\CMSIS\SupportFunctions\arm_q15_to_q31.o Src\CMSIS\SupportFunctions\arm_q15_to_q7.o Src\CMSIS\SupportFunctions\arm_q31_to_float.o Src\CMSIS\SupportFunctions\arm_q31_to_q15.o Src\CMSIS\SupportFunctions\arm_q31_to_q7.o Src\CMSIS\SupportFunctions\arm_q7_to_float.o Src\CMSIS\SupportFunctions\arm_q7_to_q15.o Src\CMSIS\SupportFunctions\arm_q7_to_q31.o Src\cJSON\cJSON.o Src\cJSON\cJSON_Utils.o Src\dma.o Src\experimentConfig.o Src\gpio.o Src\haptic.o Src\i2c.o Src\main.o Src\simulation\massStatesCalculation.o Src\simulation\pedalVariables.o Src\simulation\pointersForPrint.o Src\simulation\simulationVariables_forSpringMassDamper.o Src\stm32f7xx_hal_msp.o Src\stm32f7xx_it.o Src\system_stm32f7xx.o Src\tim.o Src\usart.o startup\startup_stm32f767xx.o -mthumb -mcpu=cortex-m7 -mfloat-abi=hard -mfpu=fpv5-d16 -T../STM32F767ZI_FLASH.ld -specs=nosys.specs -static -Wl,-Map=atlasHaptic_nucleo767ZI.map -Wl,--gc-sections -Wl,--defsym=malloc_getpagesize_P=0x80 -Wl,--start-group -lc -lm -Wl,--end-group -specs=nano.specs 
C:\Program Files (x86)\Atollic\TrueSTUDIO for STM32 9.0.1\ide\jre\bin\java -jar C:\Program Files (x86)\Atollic\TrueSTUDIO for STM32 9.0.1\Tools\arm-atollic-reports.jar sizeinfo list atlasHaptic_nucleo767ZI.elf 
Generate build reports...
Print size information
   text	   data	    bss	    dec	    hex	filename
  22536	     68	   2092	  24696	   6078	atlasHaptic_nucleo767ZI.elf
Print size information done
Generate listing file
Output sent to: atlasHaptic_nucleo767ZI.list
Generate listing file done
Generate build reports done
arm-atollic-eabi-objcopy.exe -O ihex atlasHaptic_nucleo767ZI.elf atlasHaptic_nucleo767ZI.hex 
00:25:07 **** Incremental Build of configuration Debug for project atlasHaptic_nucleo767ZI ****
Info: Internal Builder is used for build
arm-atollic-eabi-gcc -c -mthumb -mcpu=cortex-m7 -mfloat-abi=hard -mfpu=fpv5-d16 -std=gnu11 -D__weak=__attribute__((weak)) -D__packed=__attribute__((__packed__)) -DUSE_HAL_DRIVER -DSTM32F767xx -DARM_MATH_CM7 -D__FPU_PRESENT=1 -I../Inc -I../Drivers/STM32F7xx_HAL_Driver/Inc -I../Drivers/STM32F7xx_HAL_Driver/Inc/Legacy -I../Drivers/CMSIS/Device/ST/STM32F7xx/Include -I../Drivers/CMSIS/Include -O0 -ffunction-sections -fdata-sections -g -fstack-usage -Wall -specs=nano.specs -o Drivers\STM32F7xx_HAL_Driver\Src\stm32f7xx_hal_flash.o ..\Drivers\STM32F7xx_HAL_Driver\Src\stm32f7xx_hal_flash.c 
arm-atollic-eabi-gcc -c -mthumb -mcpu=cortex-m7 -mfloat-abi=hard -mfpu=fpv5-d16 -std=gnu11 -D__weak=__attribute__((weak)) -D__packed=__attribute__((__packed__)) -DUSE_HAL_DRIVER -DSTM32F767xx -DARM_MATH_CM7 -D__FPU_PRESENT=1 -I../Inc -I../Drivers/STM32F7xx_HAL_Driver/Inc -I../Drivers/STM32F7xx_HAL_Driver/Inc/Legacy -I../Drivers/CMSIS/Device/ST/STM32F7xx/Include -I../Drivers/CMSIS/Include -O0 -ffunction-sections -fdata-sections -g -fstack-usage -Wall -specs=nano.specs -o Src\stm32f7xx_it.o ..\Src\stm32f7xx_it.c 
arm-atollic-eabi-gcc -c -mthumb -mcpu=cortex-m7 -mfloat-abi=hard -mfpu=fpv5-d16 -std=gnu11 -D__weak=__attribute__((weak)) -D__packed=__attribute__((__packed__)) -DUSE_HAL_DRIVER -DSTM32F767xx -DARM_MATH_CM7 -D__FPU_PRESENT=1 -I../Inc -I../Drivers/STM32F7xx_HAL_Driver/Inc -I../Drivers/STM32F7xx_HAL_Driver/Inc/Legacy -I../Drivers/CMSIS/Device/ST/STM32F7xx/Include -I../Drivers/CMSIS/Include -O0 -ffunction-sections -fdata-sections -g -fstack-usage -Wall -specs=nano.specs -o Drivers\STM32F7xx_HAL_Driver\Src\stm32f7xx_hal_uart.o ..\Drivers\STM32F7xx_HAL_Driver\Src\stm32f7xx_hal_uart.c 
arm-atollic-eabi-gcc -c -mthumb -mcpu=cortex-m7 -mfloat-abi=hard -mfpu=fpv5-d16 -std=gnu11 -D__weak=__attribute__((weak)) -D__packed=__attribute__((__packed__)) -DUSE_HAL_DRIVER -DSTM32F767xx -DARM_MATH_CM7 -D__FPU_PRESENT=1 -I../Inc -I../Drivers/STM32F7xx_HAL_Driver/Inc -I../Drivers/STM32F7xx_HAL_Driver/Inc/Legacy -I../Drivers/CMSIS/Device/ST/STM32F7xx/Include -I../Drivers/CMSIS/Include -O0 -ffunction-sections -fdata-sections -g -fstack-usage -Wall -specs=nano.specs -o Src\experimentConfig.o ..\Src\experimentConfig.c 
arm-atollic-eabi-gcc -c -mthumb -mcpu=cortex-m7 -mfloat-abi=hard -mfpu=fpv5-d16 -std=gnu11 -D__weak=__attribute__((weak)) -D__packed=__attribute__((__packed__)) -DUSE_HAL_DRIVER -DSTM32F767xx -DARM_MATH_CM7 -D__FPU_PRESENT=1 -I../Inc -I../Drivers/STM32F7xx_HAL_Driver/Inc -I../Drivers/STM32F7xx_HAL_Driver/Inc/Legacy -I../Drivers/CMSIS/Device/ST/STM32F7xx/Include -I../Drivers/CMSIS/Include -O0 -ffunction-sections -fdata-sections -g -fstack-usage -Wall -specs=nano.specs -o Src\usart.o ..\Src\usart.c 
arm-atollic-eabi-gcc -c -mthumb -mcpu=cortex-m7 -mfloat-abi=hard -mfpu=fpv5-d16 -std=gnu11 -D__weak=__attribute__((weak)) -D__packed=__attribute__((__packed__)) -DUSE_HAL_DRIVER -DSTM32F767xx -DARM_MATH_CM7 -D__FPU_PRESENT=1 -I../Inc -I../Drivers/STM32F7xx_HAL_Driver/Inc -I../Drivers/STM32F7xx_HAL_Driver/Inc/Legacy -I../Drivers/CMSIS/Device/ST/STM32F7xx/Include -I../Drivers/CMSIS/Include -O0 -ffunction-sections -fdata-sections -g -fstack-usage -Wall -specs=nano.specs -o Drivers\STM32F7xx_HAL_Driver\Src\stm32f7xx_hal_i2c_ex.o ..\Drivers\STM32F7xx_HAL_Driver\Src\stm32f7xx_hal_i2c_ex.c 
arm-atollic-eabi-gcc -c -mthumb -mcpu=cortex-m7 -mfloat-abi=hard -mfpu=fpv5-d16 -std=gnu11 -D__weak=__attribute__((weak)) -D__packed=__attribute__((__packed__)) -DUSE_HAL_DRIVER -DSTM32F767xx -DARM_MATH_CM7 -D__FPU_PRESENT=1 -I../Inc -I../Drivers/STM32F7xx_HAL_Driver/Inc -I../Drivers/STM32F7xx_HAL_Driver/Inc/Legacy -I../Drivers/CMSIS/Device/ST/STM32F7xx/Include -I../Drivers/CMSIS/Include -O0 -ffunction-sections -fdata-sections -g -fstack-usage -Wall -specs=nano.specs -o Drivers\STM32F7xx_HAL_Driver\Src\stm32f7xx_hal_flash_ex.o ..\Drivers\STM32F7xx_HAL_Driver\Src\stm32f7xx_hal_flash_ex.c 
arm-atollic-eabi-gcc -c -mthumb -mcpu=cortex-m7 -mfloat-abi=hard -mfpu=fpv5-d16 -std=gnu11 -D__weak=__attribute__((weak)) -D__packed=__attribute__((__packed__)) -DUSE_HAL_DRIVER -DSTM32F767xx -DARM_MATH_CM7 -D__FPU_PRESENT=1 -I../Inc -I../Drivers/STM32F7xx_HAL_Driver/Inc -I../Drivers/STM32F7xx_HAL_Driver/Inc/Legacy -I../Drivers/CMSIS/Device/ST/STM32F7xx/Include -I../Drivers/CMSIS/Include -O0 -ffunction-sections -fdata-sections -g -fstack-usage -Wall -specs=nano.specs -o Drivers\STM32F7xx_HAL_Driver\Src\stm32f7xx_hal_tim_ex.o ..\Drivers\STM32F7xx_HAL_Driver\Src\stm32f7xx_hal_tim_ex.c 
arm-atollic-eabi-gcc -c -mthumb -mcpu=cortex-m7 -mfloat-abi=hard -mfpu=fpv5-d16 -std=gnu11 -D__weak=__attribute__((weak)) -D__packed=__attribute__((__packed__)) -DUSE_HAL_DRIVER -DSTM32F767xx -DARM_MATH_CM7 -D__FPU_PRESENT=1 -I../Inc -I../Drivers/STM32F7xx_HAL_Driver/Inc -I../Drivers/STM32F7xx_HAL_Driver/Inc/Legacy -I../Drivers/CMSIS/Device/ST/STM32F7xx/Include -I../Drivers/CMSIS/Include -O0 -ffunction-sections -fdata-sections -g -fstack-usage -Wall -specs=nano.specs -o Drivers\STM32F7xx_HAL_Driver\Src\stm32f7xx_hal_tim.o ..\Drivers\STM32F7xx_HAL_Driver\Src\stm32f7xx_hal_tim.c 
arm-atollic-eabi-gcc -c -mthumb -mcpu=cortex-m7 -mfloat-abi=hard -mfpu=fpv5-d16 -std=gnu11 -D__weak=__attribute__((weak)) -D__packed=__attribute__((__packed__)) -DUSE_HAL_DRIVER -DSTM32F767xx -DARM_MATH_CM7 -D__FPU_PRESENT=1 -I../Inc -I../Drivers/STM32F7xx_HAL_Driver/Inc -I../Drivers/STM32F7xx_HAL_Driver/Inc/Legacy -I../Drivers/CMSIS/Device/ST/STM32F7xx/Include -I../Drivers/CMSIS/Include -O0 -ffunction-sections -fdata-sections -g -fstack-usage -Wall -specs=nano.specs -o Drivers\STM32F7xx_HAL_Driver\Src\stm32f7xx_hal_pwr_ex.o ..\Drivers\STM32F7xx_HAL_Driver\Src\stm32f7xx_hal_pwr_ex.c 
arm-atollic-eabi-gcc -c -mthumb -mcpu=cortex-m7 -mfloat-abi=hard -mfpu=fpv5-d16 -std=gnu11 -D__weak=__attribute__((weak)) -D__packed=__attribute__((__packed__)) -DUSE_HAL_DRIVER -DSTM32F767xx -DARM_MATH_CM7 -D__FPU_PRESENT=1 -I../Inc -I../Drivers/STM32F7xx_HAL_Driver/Inc -I../Drivers/STM32F7xx_HAL_Driver/Inc/Legacy -I../Drivers/CMSIS/Device/ST/STM32F7xx/Include -I../Drivers/CMSIS/Include -O0 -ffunction-sections -fdata-sections -g -fstack-usage -Wall -specs=nano.specs -o Src\main.o ..\Src\main.c 
arm-atollic-eabi-gcc -c -mthumb -mcpu=cortex-m7 -mfloat-abi=hard -mfpu=fpv5-d16 -std=gnu11 -D__weak=__attribute__((weak)) -D__packed=__attribute__((__packed__)) -DUSE_HAL_DRIVER -DSTM32F767xx -DARM_MATH_CM7 -D__FPU_PRESENT=1 -I../Inc -I../Drivers/STM32F7xx_HAL_Driver/Inc -I../Drivers/STM32F7xx_HAL_Driver/Inc/Legacy -I../Drivers/CMSIS/Device/ST/STM32F7xx/Include -I../Drivers/CMSIS/Include -O0 -ffunction-sections -fdata-sections -g -fstack-usage -Wall -specs=nano.specs -o Src\gpio.o ..\Src\gpio.c 
arm-atollic-eabi-gcc -c -mthumb -mcpu=cortex-m7 -mfloat-abi=hard -mfpu=fpv5-d16 -std=gnu11 -D__weak=__attribute__((weak)) -D__packed=__attribute__((__packed__)) -DUSE_HAL_DRIVER -DSTM32F767xx -DARM_MATH_CM7 -D__FPU_PRESENT=1 -I../Inc -I../Drivers/STM32F7xx_HAL_Driver/Inc -I../Drivers/STM32F7xx_HAL_Driver/Inc/Legacy -I../Drivers/CMSIS/Device/ST/STM32F7xx/Include -I../Drivers/CMSIS/Include -O0 -ffunction-sections -fdata-sections -g -fstack-usage -Wall -specs=nano.specs -o Src\haptic.o ..\Src\haptic.c 
arm-atollic-eabi-gcc -c -mthumb -mcpu=cortex-m7 -mfloat-abi=hard -mfpu=fpv5-d16 -std=gnu11 -D__weak=__attribute__((weak)) -D__packed=__attribute__((__packed__)) -DUSE_HAL_DRIVER -DSTM32F767xx -DARM_MATH_CM7 -D__FPU_PRESENT=1 -I../Inc -I../Drivers/STM32F7xx_HAL_Driver/Inc -I../Drivers/STM32F7xx_HAL_Driver/Inc/Legacy -I../Drivers/CMSIS/Device/ST/STM32F7xx/Include -I../Drivers/CMSIS/Include -O0 -ffunction-sections -fdata-sections -g -fstack-usage -Wall -specs=nano.specs -o Src\tim.o ..\Src\tim.c 
arm-atollic-eabi-gcc -c -mthumb -mcpu=cortex-m7 -mfloat-abi=hard -mfpu=fpv5-d16 -std=gnu11 -D__weak=__attribute__((weak)) -D__packed=__attribute__((__packed__)) -DUSE_HAL_DRIVER -DSTM32F767xx -DARM_MATH_CM7 -D__FPU_PRESENT=1 -I../Inc -I../Drivers/STM32F7xx_HAL_Driver/Inc -I../Drivers/STM32F7xx_HAL_Driver/Inc/Legacy -I../Drivers/CMSIS/Device/ST/STM32F7xx/Include -I../Drivers/CMSIS/Include -O0 -ffunction-sections -fdata-sections -g -fstack-usage -Wall -specs=nano.specs -o Drivers\STM32F7xx_HAL_Driver\Src\stm32f7xx_hal.o ..\Drivers\STM32F7xx_HAL_Driver\Src\stm32f7xx_hal.c 
arm-atollic-eabi-gcc -c -mthumb -mcpu=cortex-m7 -mfloat-abi=hard -mfpu=fpv5-d16 -std=gnu11 -D__weak=__attribute__((weak)) -D__packed=__attribute__((__packed__)) -DUSE_HAL_DRIVER -DSTM32F767xx -DARM_MATH_CM7 -D__FPU_PRESENT=1 -I../Inc -I../Drivers/STM32F7xx_HAL_Driver/Inc -I../Drivers/STM32F7xx_HAL_Driver/Inc/Legacy -I../Drivers/CMSIS/Device/ST/STM32F7xx/Include -I../Drivers/CMSIS/Include -O0 -ffunction-sections -fdata-sections -g -fstack-usage -Wall -specs=nano.specs -o Drivers\STM32F7xx_HAL_Driver\Src\stm32f7xx_hal_gpio.o ..\Drivers\STM32F7xx_HAL_Driver\Src\stm32f7xx_hal_gpio.c 
arm-atollic-eabi-gcc -c -mthumb -mcpu=cortex-m7 -mfloat-abi=hard -mfpu=fpv5-d16 -std=gnu11 -D__weak=__attribute__((weak)) -D__packed=__attribute__((__packed__)) -DUSE_HAL_DRIVER -DSTM32F767xx -DARM_MATH_CM7 -D__FPU_PRESENT=1 -I../Inc -I../Drivers/STM32F7xx_HAL_Driver/Inc -I../Drivers/STM32F7xx_HAL_Driver/Inc/Legacy -I../Drivers/CMSIS/Device/ST/STM32F7xx/Include -I../Drivers/CMSIS/Include -O0 -ffunction-sections -fdata-sections -g -fstack-usage -Wall -specs=nano.specs -o Drivers\STM32F7xx_HAL_Driver\Src\stm32f7xx_hal_rcc.o ..\Drivers\STM32F7xx_HAL_Driver\Src\stm32f7xx_hal_rcc.c 
arm-atollic-eabi-gcc -c -mthumb -mcpu=cortex-m7 -mfloat-abi=hard -mfpu=fpv5-d16 -std=gnu11 -D__weak=__attribute__((weak)) -D__packed=__attribute__((__packed__)) -DUSE_HAL_DRIVER -DSTM32F767xx -DARM_MATH_CM7 -D__FPU_PRESENT=1 -I../Inc -I../Drivers/STM32F7xx_HAL_Driver/Inc -I../Drivers/STM32F7xx_HAL_Driver/Inc/Legacy -I../Drivers/CMSIS/Device/ST/STM32F7xx/Include -I../Drivers/CMSIS/Include -O0 -ffunction-sections -fdata-sections -g -fstack-usage -Wall -specs=nano.specs -o Drivers\STM32F7xx_HAL_Driver\Src\stm32f7xx_hal_pwr.o ..\Drivers\STM32F7xx_HAL_Driver\Src\stm32f7xx_hal_pwr.c 
arm-atollic-eabi-gcc -c -mthumb -mcpu=cortex-m7 -mfloat-abi=hard -mfpu=fpv5-d16 -std=gnu11 -D__weak=__attribute__((weak)) -D__packed=__attribute__((__packed__)) -DUSE_HAL_DRIVER -DSTM32F767xx -DARM_MATH_CM7 -D__FPU_PRESENT=1 -I../Inc -I../Drivers/STM32F7xx_HAL_Driver/Inc -I../Drivers/STM32F7xx_HAL_Driver/Inc/Legacy -I../Drivers/CMSIS/Device/ST/STM32F7xx/Include -I../Drivers/CMSIS/Include -O0 -ffunction-sections -fdata-sections -g -fstack-usage -Wall -specs=nano.specs -o Src\i2c.o ..\Src\i2c.c 
arm-atollic-eabi-gcc -c -mthumb -mcpu=cortex-m7 -mfloat-abi=hard -mfpu=fpv5-d16 -std=gnu11 -D__weak=__attribute__((weak)) -D__packed=__attribute__((__packed__)) -DUSE_HAL_DRIVER -DSTM32F767xx -DARM_MATH_CM7 -D__FPU_PRESENT=1 -I../Inc -I../Drivers/STM32F7xx_HAL_Driver/Inc -I../Drivers/STM32F7xx_HAL_Driver/Inc/Legacy -I../Drivers/CMSIS/Device/ST/STM32F7xx/Include -I../Drivers/CMSIS/Include -O0 -ffunction-sections -fdata-sections -g -fstack-usage -Wall -specs=nano.specs -o Drivers\STM32F7xx_HAL_Driver\Src\stm32f7xx_hal_dma_ex.o ..\Drivers\STM32F7xx_HAL_Driver\Src\stm32f7xx_hal_dma_ex.c 
arm-atollic-eabi-gcc -c -mthumb -mcpu=cortex-m7 -mfloat-abi=hard -mfpu=fpv5-d16 -std=gnu11 -D__weak=__attribute__((weak)) -D__packed=__attribute__((__packed__)) -DUSE_HAL_DRIVER -DSTM32F767xx -DARM_MATH_CM7 -D__FPU_PRESENT=1 -I../Inc -I../Drivers/STM32F7xx_HAL_Driver/Inc -I../Drivers/STM32F7xx_HAL_Driver/Inc/Legacy -I../Drivers/CMSIS/Device/ST/STM32F7xx/Include -I../Drivers/CMSIS/Include -O0 -ffunction-sections -fdata-sections -g -fstack-usage -Wall -specs=nano.specs -o Drivers\STM32F7xx_HAL_Driver\Src\stm32f7xx_hal_rcc_ex.o ..\Drivers\STM32F7xx_HAL_Driver\Src\stm32f7xx_hal_rcc_ex.c 
arm-atollic-eabi-gcc -c -mthumb -mcpu=cortex-m7 -mfloat-abi=hard -mfpu=fpv5-d16 -std=gnu11 -D__weak=__attribute__((weak)) -D__packed=__attribute__((__packed__)) -DUSE_HAL_DRIVER -DSTM32F767xx -DARM_MATH_CM7 -D__FPU_PRESENT=1 -I../Inc -I../Drivers/STM32F7xx_HAL_Driver/Inc -I../Drivers/STM32F7xx_HAL_Driver/Inc/Legacy -I../Drivers/CMSIS/Device/ST/STM32F7xx/Include -I../Drivers/CMSIS/Include -O0 -ffunction-sections -fdata-sections -g -fstack-usage -Wall -specs=nano.specs -o Drivers\STM32F7xx_HAL_Driver\Src\stm32f7xx_hal_dma.o ..\Drivers\STM32F7xx_HAL_Driver\Src\stm32f7xx_hal_dma.c 
arm-atollic-eabi-gcc -c -mthumb -mcpu=cortex-m7 -mfloat-abi=hard -mfpu=fpv5-d16 -std=gnu11 -D__weak=__attribute__((weak)) -D__packed=__attribute__((__packed__)) -DUSE_HAL_DRIVER -DSTM32F767xx -DARM_MATH_CM7 -D__FPU_PRESENT=1 -I../Inc -I../Drivers/STM32F7xx_HAL_Driver/Inc -I../Drivers/STM32F7xx_HAL_Driver/Inc/Legacy -I../Drivers/CMSIS/Device/ST/STM32F7xx/Include -I../Drivers/CMSIS/Include -O0 -ffunction-sections -fdata-sections -g -fstack-usage -Wall -specs=nano.specs -o Src\dma.o ..\Src\dma.c 
arm-atollic-eabi-gcc -c -mthumb -mcpu=cortex-m7 -mfloat-abi=hard -mfpu=fpv5-d16 -std=gnu11 -D__weak=__attribute__((weak)) -D__packed=__attribute__((__packed__)) -DUSE_HAL_DRIVER -DSTM32F767xx -DARM_MATH_CM7 -D__FPU_PRESENT=1 -I../Inc -I../Drivers/STM32F7xx_HAL_Driver/Inc -I../Drivers/STM32F7xx_HAL_Driver/Inc/Legacy -I../Drivers/CMSIS/Device/ST/STM32F7xx/Include -I../Drivers/CMSIS/Include -O0 -ffunction-sections -fdata-sections -g -fstack-usage -Wall -specs=nano.specs -o Src\stm32f7xx_hal_msp.o ..\Src\stm32f7xx_hal_msp.c 
arm-atollic-eabi-gcc -c -mthumb -mcpu=cortex-m7 -mfloat-abi=hard -mfpu=fpv5-d16 -std=gnu11 -D__weak=__attribute__((weak)) -D__packed=__attribute__((__packed__)) -DUSE_HAL_DRIVER -DSTM32F767xx -DARM_MATH_CM7 -D__FPU_PRESENT=1 -I../Inc -I../Drivers/STM32F7xx_HAL_Driver/Inc -I../Drivers/STM32F7xx_HAL_Driver/Inc/Legacy -I../Drivers/CMSIS/Device/ST/STM32F7xx/Include -I../Drivers/CMSIS/Include -O0 -ffunction-sections -fdata-sections -g -fstack-usage -Wall -specs=nano.specs -o Drivers\STM32F7xx_HAL_Driver\Src\stm32f7xx_hal_i2c.o ..\Drivers\STM32F7xx_HAL_Driver\Src\stm32f7xx_hal_i2c.c 
arm-atollic-eabi-gcc -c -mthumb -mcpu=cortex-m7 -mfloat-abi=hard -mfpu=fpv5-d16 -std=gnu11 -D__weak=__attribute__((weak)) -D__packed=__attribute__((__packed__)) -DUSE_HAL_DRIVER -DSTM32F767xx -DARM_MATH_CM7 -D__FPU_PRESENT=1 -I../Inc -I../Drivers/STM32F7xx_HAL_Driver/Inc -I../Drivers/STM32F7xx_HAL_Driver/Inc/Legacy -I../Drivers/CMSIS/Device/ST/STM32F7xx/Include -I../Drivers/CMSIS/Include -O0 -ffunction-sections -fdata-sections -g -fstack-usage -Wall -specs=nano.specs -o Drivers\STM32F7xx_HAL_Driver\Src\stm32f7xx_hal_cortex.o ..\Drivers\STM32F7xx_HAL_Driver\Src\stm32f7xx_hal_cortex.c 
arm-atollic-eabi-gcc -o atlasHaptic_nucleo767ZI.elf Drivers\STM32F7xx_HAL_Driver\Src\stm32f7xx_hal.o Drivers\STM32F7xx_HAL_Driver\Src\stm32f7xx_hal_cortex.o Drivers\STM32F7xx_HAL_Driver\Src\stm32f7xx_hal_dma.o Drivers\STM32F7xx_HAL_Driver\Src\stm32f7xx_hal_dma_ex.o Drivers\STM32F7xx_HAL_Driver\Src\stm32f7xx_hal_flash.o Drivers\STM32F7xx_HAL_Driver\Src\stm32f7xx_hal_flash_ex.o Drivers\STM32F7xx_HAL_Driver\Src\stm32f7xx_hal_gpio.o Drivers\STM32F7xx_HAL_Driver\Src\stm32f7xx_hal_i2c.o Drivers\STM32F7xx_HAL_Driver\Src\stm32f7xx_hal_i2c_ex.o Drivers\STM32F7xx_HAL_Driver\Src\stm32f7xx_hal_pwr.o Drivers\STM32F7xx_HAL_Driver\Src\stm32f7xx_hal_pwr_ex.o Drivers\STM32F7xx_HAL_Driver\Src\stm32f7xx_hal_rcc.o Drivers\STM32F7xx_HAL_Driver\Src\stm32f7xx_hal_rcc_ex.o Drivers\STM32F7xx_HAL_Driver\Src\stm32f7xx_hal_tim.o Drivers\STM32F7xx_HAL_Driver\Src\stm32f7xx_hal_tim_ex.o Drivers\STM32F7xx_HAL_Driver\Src\stm32f7xx_hal_uart.o Src\CMSIS\BasicMathFunctions\arm_abs_f32.o Src\CMSIS\BasicMathFunctions\arm_abs_q15.o Src\CMSIS\BasicMathFunctions\arm_abs_q31.o Src\CMSIS\BasicMathFunctions\arm_abs_q7.o Src\CMSIS\BasicMathFunctions\arm_add_f32.o Src\CMSIS\BasicMathFunctions\arm_add_q15.o Src\CMSIS\BasicMathFunctions\arm_add_q31.o Src\CMSIS\BasicMathFunctions\arm_add_q7.o Src\CMSIS\BasicMathFunctions\arm_dot_prod_f32.o Src\CMSIS\BasicMathFunctions\arm_dot_prod_q15.o Src\CMSIS\BasicMathFunctions\arm_dot_prod_q31.o Src\CMSIS\BasicMathFunctions\arm_dot_prod_q7.o Src\CMSIS\BasicMathFunctions\arm_mult_f32.o Src\CMSIS\BasicMathFunctions\arm_mult_q15.o Src\CMSIS\BasicMathFunctions\arm_mult_q31.o Src\CMSIS\BasicMathFunctions\arm_mult_q7.o Src\CMSIS\BasicMathFunctions\arm_negate_f32.o Src\CMSIS\BasicMathFunctions\arm_negate_q15.o Src\CMSIS\BasicMathFunctions\arm_negate_q31.o Src\CMSIS\BasicMathFunctions\arm_negate_q7.o Src\CMSIS\BasicMathFunctions\arm_offset_f32.o Src\CMSIS\BasicMathFunctions\arm_offset_q15.o Src\CMSIS\BasicMathFunctions\arm_offset_q31.o Src\CMSIS\BasicMathFunctions\arm_offset_q7.o Src\CMSIS\BasicMathFunctions\arm_scale_f32.o Src\CMSIS\BasicMathFunctions\arm_scale_q15.o Src\CMSIS\BasicMathFunctions\arm_scale_q31.o Src\CMSIS\BasicMathFunctions\arm_scale_q7.o Src\CMSIS\BasicMathFunctions\arm_shift_q15.o Src\CMSIS\BasicMathFunctions\arm_shift_q31.o Src\CMSIS\BasicMathFunctions\arm_shift_q7.o Src\CMSIS\BasicMathFunctions\arm_sub_f32.o Src\CMSIS\BasicMathFunctions\arm_sub_q15.o Src\CMSIS\BasicMathFunctions\arm_sub_q31.o Src\CMSIS\BasicMathFunctions\arm_sub_q7.o Src\CMSIS\CommonTables\arm_common_tables.o Src\CMSIS\CommonTables\arm_const_structs.o Src\CMSIS\ControllerFunctions\arm_pid_init_f32.o Src\CMSIS\ControllerFunctions\arm_pid_init_q15.o Src\CMSIS\ControllerFunctions\arm_pid_init_q31.o Src\CMSIS\ControllerFunctions\arm_pid_reset_f32.o Src\CMSIS\ControllerFunctions\arm_pid_reset_q15.o Src\CMSIS\ControllerFunctions\arm_pid_reset_q31.o Src\CMSIS\ControllerFunctions\arm_sin_cos_f32.o Src\CMSIS\ControllerFunctions\arm_sin_cos_q31.o Src\CMSIS\FastMathFunctions\arm_cos_f32.o Src\CMSIS\FastMathFunctions\arm_cos_q15.o Src\CMSIS\FastMathFunctions\arm_cos_q31.o Src\CMSIS\FastMathFunctions\arm_sin_f32.o Src\CMSIS\FastMathFunctions\arm_sin_q15.o Src\CMSIS\FastMathFunctions\arm_sin_q31.o Src\CMSIS\FastMathFunctions\arm_sqrt_q15.o Src\CMSIS\FastMathFunctions\arm_sqrt_q31.o Src\CMSIS\SupportFunctions\arm_copy_f32.o Src\CMSIS\SupportFunctions\arm_copy_q15.o Src\CMSIS\SupportFunctions\arm_copy_q31.o Src\CMSIS\SupportFunctions\arm_copy_q7.o Src\CMSIS\SupportFunctions\arm_fill_f32.o Src\CMSIS\SupportFunctions\arm_fill_q15.o Src\CMSIS\SupportFunctions\arm_fill_q31.o Src\CMSIS\SupportFunctions\arm_fill_q7.o Src\CMSIS\SupportFunctions\arm_float_to_q15.o Src\CMSIS\SupportFunctions\arm_float_to_q31.o Src\CMSIS\SupportFunctions\arm_float_to_q7.o Src\CMSIS\SupportFunctions\arm_q15_to_float.o Src\CMSIS\SupportFunctions\arm_q15_to_q31.o Src\CMSIS\SupportFunctions\arm_q15_to_q7.o Src\CMSIS\SupportFunctions\arm_q31_to_float.o Src\CMSIS\SupportFunctions\arm_q31_to_q15.o Src\CMSIS\SupportFunctions\arm_q31_to_q7.o Src\CMSIS\SupportFunctions\arm_q7_to_float.o Src\CMSIS\SupportFunctions\arm_q7_to_q15.o Src\CMSIS\SupportFunctions\arm_q7_to_q31.o Src\cJSON\cJSON.o Src\cJSON\cJSON_Utils.o Src\dma.o Src\experimentConfig.o Src\gpio.o Src\haptic.o Src\i2c.o Src\main.o Src\simulation\massStatesCalculation.o Src\simulation\pedalVariables.o Src\simulation\pointersForPrint.o Src\simulation\simulationVariables_forSpringMassDamper.o Src\stm32f7xx_hal_msp.o Src\stm32f7xx_it.o Src\system_stm32f7xx.o Src\tim.o Src\usart.o startup\startup_stm32f767xx.o -mthumb -mcpu=cortex-m7 -mfloat-abi=hard -mfpu=fpv5-d16 -T../STM32F767ZI_FLASH.ld -specs=nosys.specs -static -Wl,-Map=atlasHaptic_nucleo767ZI.map -Wl,--gc-sections -Wl,--defsym=malloc_getpagesize_P=0x80 -Wl,--start-group -lc -lm -Wl,--end-group -specs=nano.specs 
C:\Program Files (x86)\Atollic\TrueSTUDIO for STM32 9.0.1\ide\jre\bin\java -jar C:\Program Files (x86)\Atollic\TrueSTUDIO for STM32 9.0.1\Tools\arm-atollic-reports.jar sizeinfo list atlasHaptic_nucleo767ZI.elf 
Generate build reports...
Print size information
   text	   data	    bss	    dec	    hex	filename
  22528	     68	   2096	  24692	   6074	atlasHaptic_nucleo767ZI.elf
Print size information done
Generate listing file
Output sent to: atlasHaptic_nucleo767ZI.list
Generate listing file done
Generate build reports done
arm-atollic-eabi-objcopy.exe -O ihex atlasHaptic_nucleo767ZI.elf atlasHaptic_nucleo767ZI.hex 
00:29:43 **** Incremental Build of configuration Debug for project atlasHaptic_nucleo767ZI ****
Info: Internal Builder is used for build
arm-atollic-eabi-gcc -c -mthumb -mcpu=cortex-m7 -mfloat-abi=hard -mfpu=fpv5-d16 -std=gnu11 -D__weak=__attribute__((weak)) -D__packed=__attribute__((__packed__)) -DUSE_HAL_DRIVER -DSTM32F767xx -DARM_MATH_CM7 -D__FPU_PRESENT=1 -I../Inc -I../Drivers/STM32F7xx_HAL_Driver/Inc -I../Drivers/STM32F7xx_HAL_Driver/Inc/Legacy -I../Drivers/CMSIS/Device/ST/STM32F7xx/Include -I../Drivers/CMSIS/Include -O0 -ffunction-sections -fdata-sections -g -fstack-usage -Wall -specs=nano.specs -o Src\main.o ..\Src\main.c 
arm-atollic-eabi-gcc -c -mthumb -mcpu=cortex-m7 -mfloat-abi=hard -mfpu=fpv5-d16 -std=gnu11 -D__weak=__attribute__((weak)) -D__packed=__attribute__((__packed__)) -DUSE_HAL_DRIVER -DSTM32F767xx -DARM_MATH_CM7 -D__FPU_PRESENT=1 -I../Inc -I../Drivers/STM32F7xx_HAL_Driver/Inc -I../Drivers/STM32F7xx_HAL_Driver/Inc/Legacy -I../Drivers/CMSIS/Device/ST/STM32F7xx/Include -I../Drivers/CMSIS/Include -O0 -ffunction-sections -fdata-sections -g -fstack-usage -Wall -specs=nano.specs -o Src\experimentConfig.o ..\Src\experimentConfig.c 
..\Src\experimentConfig.c:13:1: error: expected '=', ',', ';', 'asm' or '__attribute__' before '{' token
 {
 ^
00:29:58 **** Incremental Build of configuration Debug for project atlasHaptic_nucleo767ZI ****
Info: Internal Builder is used for build
arm-atollic-eabi-gcc -c -mthumb -mcpu=cortex-m7 -mfloat-abi=hard -mfpu=fpv5-d16 -std=gnu11 -D__weak=__attribute__((weak)) -D__packed=__attribute__((__packed__)) -DUSE_HAL_DRIVER -DSTM32F767xx -DARM_MATH_CM7 -D__FPU_PRESENT=1 -I../Inc -I../Drivers/STM32F7xx_HAL_Driver/Inc -I../Drivers/STM32F7xx_HAL_Driver/Inc/Legacy -I../Drivers/CMSIS/Device/ST/STM32F7xx/Include -I../Drivers/CMSIS/Include -O0 -ffunction-sections -fdata-sections -g -fstack-usage -Wall -specs=nano.specs -o Src\haptic.o ..\Src\haptic.c 
arm-atollic-eabi-gcc -c -mthumb -mcpu=cortex-m7 -mfloat-abi=hard -mfpu=fpv5-d16 -std=gnu11 -D__weak=__attribute__((weak)) -D__packed=__attribute__((__packed__)) -DUSE_HAL_DRIVER -DSTM32F767xx -DARM_MATH_CM7 -D__FPU_PRESENT=1 -I../Inc -I../Drivers/STM32F7xx_HAL_Driver/Inc -I../Drivers/STM32F7xx_HAL_Driver/Inc/Legacy -I../Drivers/CMSIS/Device/ST/STM32F7xx/Include -I../Drivers/CMSIS/Include -O0 -ffunction-sections -fdata-sections -g -fstack-usage -Wall -specs=nano.specs -o Src\experimentConfig.o ..\Src\experimentConfig.c 
arm-atollic-eabi-gcc -c -mthumb -mcpu=cortex-m7 -mfloat-abi=hard -mfpu=fpv5-d16 -std=gnu11 -D__weak=__attribute__((weak)) -D__packed=__attribute__((__packed__)) -DUSE_HAL_DRIVER -DSTM32F767xx -DARM_MATH_CM7 -D__FPU_PRESENT=1 -I../Inc -I../Drivers/STM32F7xx_HAL_Driver/Inc -I../Drivers/STM32F7xx_HAL_Driver/Inc/Legacy -I../Drivers/CMSIS/Device/ST/STM32F7xx/Include -I../Drivers/CMSIS/Include -O0 -ffunction-sections -fdata-sections -g -fstack-usage -Wall -specs=nano.specs -o Src\simulation\massStatesCalculation.o ..\Src\simulation\massStatesCalculation.c 
arm-atollic-eabi-gcc -c -mthumb -mcpu=cortex-m7 -mfloat-abi=hard -mfpu=fpv5-d16 -std=gnu11 -D__weak=__attribute__((weak)) -D__packed=__attribute__((__packed__)) -DUSE_HAL_DRIVER -DSTM32F767xx -DARM_MATH_CM7 -D__FPU_PRESENT=1 -I../Inc -I../Drivers/STM32F7xx_HAL_Driver/Inc -I../Drivers/STM32F7xx_HAL_Driver/Inc/Legacy -I../Drivers/CMSIS/Device/ST/STM32F7xx/Include -I../Drivers/CMSIS/Include -O0 -ffunction-sections -fdata-sections -g -fstack-usage -Wall -specs=nano.specs -o Src\simulation\simulationVariables_forSpringMassDamper.o ..\Src\simulation\simulationVariables_forSpringMassDamper.c 
arm-atollic-eabi-gcc -c -mthumb -mcpu=cortex-m7 -mfloat-abi=hard -mfpu=fpv5-d16 -std=gnu11 -D__weak=__attribute__((weak)) -D__packed=__attribute__((__packed__)) -DUSE_HAL_DRIVER -DSTM32F767xx -DARM_MATH_CM7 -D__FPU_PRESENT=1 -I../Inc -I../Drivers/STM32F7xx_HAL_Driver/Inc -I../Drivers/STM32F7xx_HAL_Driver/Inc/Legacy -I../Drivers/CMSIS/Device/ST/STM32F7xx/Include -I../Drivers/CMSIS/Include -O0 -ffunction-sections -fdata-sections -g -fstack-usage -Wall -specs=nano.specs -o Src\simulation\pointersForPrint.o ..\Src\simulation\pointersForPrint.c 
arm-atollic-eabi-gcc -o atlasHaptic_nucleo767ZI.elf Drivers\STM32F7xx_HAL_Driver\Src\stm32f7xx_hal.o Drivers\STM32F7xx_HAL_Driver\Src\stm32f7xx_hal_cortex.o Drivers\STM32F7xx_HAL_Driver\Src\stm32f7xx_hal_dma.o Drivers\STM32F7xx_HAL_Driver\Src\stm32f7xx_hal_dma_ex.o Drivers\STM32F7xx_HAL_Driver\Src\stm32f7xx_hal_flash.o Drivers\STM32F7xx_HAL_Driver\Src\stm32f7xx_hal_flash_ex.o Drivers\STM32F7xx_HAL_Driver\Src\stm32f7xx_hal_gpio.o Drivers\STM32F7xx_HAL_Driver\Src\stm32f7xx_hal_i2c.o Drivers\STM32F7xx_HAL_Driver\Src\stm32f7xx_hal_i2c_ex.o Drivers\STM32F7xx_HAL_Driver\Src\stm32f7xx_hal_pwr.o Drivers\STM32F7xx_HAL_Driver\Src\stm32f7xx_hal_pwr_ex.o Drivers\STM32F7xx_HAL_Driver\Src\stm32f7xx_hal_rcc.o Drivers\STM32F7xx_HAL_Driver\Src\stm32f7xx_hal_rcc_ex.o Drivers\STM32F7xx_HAL_Driver\Src\stm32f7xx_hal_tim.o Drivers\STM32F7xx_HAL_Driver\Src\stm32f7xx_hal_tim_ex.o Drivers\STM32F7xx_HAL_Driver\Src\stm32f7xx_hal_uart.o Src\CMSIS\BasicMathFunctions\arm_abs_f32.o Src\CMSIS\BasicMathFunctions\arm_abs_q15.o Src\CMSIS\BasicMathFunctions\arm_abs_q31.o Src\CMSIS\BasicMathFunctions\arm_abs_q7.o Src\CMSIS\BasicMathFunctions\arm_add_f32.o Src\CMSIS\BasicMathFunctions\arm_add_q15.o Src\CMSIS\BasicMathFunctions\arm_add_q31.o Src\CMSIS\BasicMathFunctions\arm_add_q7.o Src\CMSIS\BasicMathFunctions\arm_dot_prod_f32.o Src\CMSIS\BasicMathFunctions\arm_dot_prod_q15.o Src\CMSIS\BasicMathFunctions\arm_dot_prod_q31.o Src\CMSIS\BasicMathFunctions\arm_dot_prod_q7.o Src\CMSIS\BasicMathFunctions\arm_mult_f32.o Src\CMSIS\BasicMathFunctions\arm_mult_q15.o Src\CMSIS\BasicMathFunctions\arm_mult_q31.o Src\CMSIS\BasicMathFunctions\arm_mult_q7.o Src\CMSIS\BasicMathFunctions\arm_negate_f32.o Src\CMSIS\BasicMathFunctions\arm_negate_q15.o Src\CMSIS\BasicMathFunctions\arm_negate_q31.o Src\CMSIS\BasicMathFunctions\arm_negate_q7.o Src\CMSIS\BasicMathFunctions\arm_offset_f32.o Src\CMSIS\BasicMathFunctions\arm_offset_q15.o Src\CMSIS\BasicMathFunctions\arm_offset_q31.o Src\CMSIS\BasicMathFunctions\arm_offset_q7.o Src\CMSIS\BasicMathFunctions\arm_scale_f32.o Src\CMSIS\BasicMathFunctions\arm_scale_q15.o Src\CMSIS\BasicMathFunctions\arm_scale_q31.o Src\CMSIS\BasicMathFunctions\arm_scale_q7.o Src\CMSIS\BasicMathFunctions\arm_shift_q15.o Src\CMSIS\BasicMathFunctions\arm_shift_q31.o Src\CMSIS\BasicMathFunctions\arm_shift_q7.o Src\CMSIS\BasicMathFunctions\arm_sub_f32.o Src\CMSIS\BasicMathFunctions\arm_sub_q15.o Src\CMSIS\BasicMathFunctions\arm_sub_q31.o Src\CMSIS\BasicMathFunctions\arm_sub_q7.o Src\CMSIS\CommonTables\arm_common_tables.o Src\CMSIS\CommonTables\arm_const_structs.o Src\CMSIS\ControllerFunctions\arm_pid_init_f32.o Src\CMSIS\ControllerFunctions\arm_pid_init_q15.o Src\CMSIS\ControllerFunctions\arm_pid_init_q31.o Src\CMSIS\ControllerFunctions\arm_pid_reset_f32.o Src\CMSIS\ControllerFunctions\arm_pid_reset_q15.o Src\CMSIS\ControllerFunctions\arm_pid_reset_q31.o Src\CMSIS\ControllerFunctions\arm_sin_cos_f32.o Src\CMSIS\ControllerFunctions\arm_sin_cos_q31.o Src\CMSIS\FastMathFunctions\arm_cos_f32.o Src\CMSIS\FastMathFunctions\arm_cos_q15.o Src\CMSIS\FastMathFunctions\arm_cos_q31.o Src\CMSIS\FastMathFunctions\arm_sin_f32.o Src\CMSIS\FastMathFunctions\arm_sin_q15.o Src\CMSIS\FastMathFunctions\arm_sin_q31.o Src\CMSIS\FastMathFunctions\arm_sqrt_q15.o Src\CMSIS\FastMathFunctions\arm_sqrt_q31.o Src\CMSIS\SupportFunctions\arm_copy_f32.o Src\CMSIS\SupportFunctions\arm_copy_q15.o Src\CMSIS\SupportFunctions\arm_copy_q31.o Src\CMSIS\SupportFunctions\arm_copy_q7.o Src\CMSIS\SupportFunctions\arm_fill_f32.o Src\CMSIS\SupportFunctions\arm_fill_q15.o Src\CMSIS\SupportFunctions\arm_fill_q31.o Src\CMSIS\SupportFunctions\arm_fill_q7.o Src\CMSIS\SupportFunctions\arm_float_to_q15.o Src\CMSIS\SupportFunctions\arm_float_to_q31.o Src\CMSIS\SupportFunctions\arm_float_to_q7.o Src\CMSIS\SupportFunctions\arm_q15_to_float.o Src\CMSIS\SupportFunctions\arm_q15_to_q31.o Src\CMSIS\SupportFunctions\arm_q15_to_q7.o Src\CMSIS\SupportFunctions\arm_q31_to_float.o Src\CMSIS\SupportFunctions\arm_q31_to_q15.o Src\CMSIS\SupportFunctions\arm_q31_to_q7.o Src\CMSIS\SupportFunctions\arm_q7_to_float.o Src\CMSIS\SupportFunctions\arm_q7_to_q15.o Src\CMSIS\SupportFunctions\arm_q7_to_q31.o Src\cJSON\cJSON.o Src\cJSON\cJSON_Utils.o Src\dma.o Src\experimentConfig.o Src\gpio.o Src\haptic.o Src\i2c.o Src\main.o Src\simulation\massStatesCalculation.o Src\simulation\pedalVariables.o Src\simulation\pointersForPrint.o Src\simulation\simulationVariables_forSpringMassDamper.o Src\stm32f7xx_hal_msp.o Src\stm32f7xx_it.o Src\system_stm32f7xx.o Src\tim.o Src\usart.o startup\startup_stm32f767xx.o -mthumb -mcpu=cortex-m7 -mfloat-abi=hard -mfpu=fpv5-d16 -T../STM32F767ZI_FLASH.ld -specs=nosys.specs -static -Wl,-Map=atlasHaptic_nucleo767ZI.map -Wl,--gc-sections -Wl,--defsym=malloc_getpagesize_P=0x80 -Wl,--start-group -lc -lm -Wl,--end-group -specs=nano.specs 
C:\Program Files (x86)\Atollic\TrueSTUDIO for STM32 9.0.1\ide\jre\bin\java -jar C:\Program Files (x86)\Atollic\TrueSTUDIO for STM32 9.0.1\Tools\arm-atollic-reports.jar sizeinfo list atlasHaptic_nucleo767ZI.elf 
Generate build reports...
Print size information
   text	   data	    bss	    dec	    hex	filename
  22508	     84	   2096	  24688	   6070	atlasHaptic_nucleo767ZI.elf
Print size information done
Generate listing file
Output sent to: atlasHaptic_nucleo767ZI.list
Generate listing file done
Generate build reports done
arm-atollic-eabi-objcopy.exe -O ihex atlasHaptic_nucleo767ZI.elf atlasHaptic_nucleo767ZI.hex 
00:38:29 **** Incremental Build of configuration Debug for project atlasHaptic_nucleo767ZI ****
Info: Internal Builder is used for build
arm-atollic-eabi-gcc -c -mthumb -mcpu=cortex-m7 -mfloat-abi=hard -mfpu=fpv5-d16 -std=gnu11 -D__weak=__attribute__((weak)) -D__packed=__attribute__((__packed__)) -DUSE_HAL_DRIVER -DSTM32F767xx -DARM_MATH_CM7 -D__FPU_PRESENT=1 -I../Inc -I../Drivers/STM32F7xx_HAL_Driver/Inc -I../Drivers/STM32F7xx_HAL_Driver/Inc/Legacy -I../Drivers/CMSIS/Device/ST/STM32F7xx/Include -I../Drivers/CMSIS/Include -O0 -ffunction-sections -fdata-sections -g -fstack-usage -Wall -specs=nano.specs -o Src\experimentConfig.o ..\Src\experimentConfig.c 
..\Src\experimentConfig.c: In function 'initExperimentConfig':
..\Src\experimentConfig.c:17:39: error: 'START' undeclared (first use in this function)
  experimentConfig.hapticDeviceState = START;
                                       ^~~~~
..\Src\experimentConfig.c:17:39: note: each undeclared identifier is reported only once for each function it appears in
..\Src\experimentConfig.c:22:38: error: 'nullptr' undeclared (first use in this function)
  experimentSineParams.frequencies  = nullptr;
                                      ^~~~~~~
..\Src\experimentConfig.c: In function 'readExperimentConfiguration':
..\Src\experimentConfig.c:31:5: error: expected expression before ')' token
  if()
     ^
00:38:57 **** Incremental Build of configuration Debug for project atlasHaptic_nucleo767ZI ****
Info: Internal Builder is used for build
arm-atollic-eabi-gcc -c -mthumb -mcpu=cortex-m7 -mfloat-abi=hard -mfpu=fpv5-d16 -std=gnu11 -D__weak=__attribute__((weak)) -D__packed=__attribute__((__packed__)) -DUSE_HAL_DRIVER -DSTM32F767xx -DARM_MATH_CM7 -D__FPU_PRESENT=1 -I../Inc -I../Drivers/STM32F7xx_HAL_Driver/Inc -I../Drivers/STM32F7xx_HAL_Driver/Inc/Legacy -I../Drivers/CMSIS/Device/ST/STM32F7xx/Include -I../Drivers/CMSIS/Include -O0 -ffunction-sections -fdata-sections -g -fstack-usage -Wall -specs=nano.specs -o Src\experimentConfig.o ..\Src\experimentConfig.c 
..\Src\experimentConfig.c: In function 'initExperimentConfig':
..\Src\experimentConfig.c:22:38: error: 'NULL' undeclared (first use in this function)
  experimentSineParams.frequencies  = NULL;
                                      ^~~~
..\Src\experimentConfig.c:22:38: note: each undeclared identifier is reported only once for each function it appears in
..\Src\experimentConfig.c: In function 'readExperimentConfiguration':
..\Src\experimentConfig.c:31:5: error: expected expression before ')' token
  if()
     ^
00:39:25 **** Incremental Build of configuration Debug for project atlasHaptic_nucleo767ZI ****
Info: Internal Builder is used for build
arm-atollic-eabi-gcc -c -mthumb -mcpu=cortex-m7 -mfloat-abi=hard -mfpu=fpv5-d16 -std=gnu11 -D__weak=__attribute__((weak)) -D__packed=__attribute__((__packed__)) -DUSE_HAL_DRIVER -DSTM32F767xx -DARM_MATH_CM7 -D__FPU_PRESENT=1 -I../Inc -I../Drivers/STM32F7xx_HAL_Driver/Inc -I../Drivers/STM32F7xx_HAL_Driver/Inc/Legacy -I../Drivers/CMSIS/Device/ST/STM32F7xx/Include -I../Drivers/CMSIS/Include -O0 -ffunction-sections -fdata-sections -g -fstack-usage -Wall -specs=nano.specs -o Src\experimentConfig.o ..\Src\experimentConfig.c 
..\Src\experimentConfig.c: In function 'readExperimentConfiguration':
..\Src\experimentConfig.c:31:5: error: expected expression before ')' token
  if()
     ^
00:39:32 **** Incremental Build of configuration Debug for project atlasHaptic_nucleo767ZI ****
Info: Internal Builder is used for build
arm-atollic-eabi-gcc -c -mthumb -mcpu=cortex-m7 -mfloat-abi=hard -mfpu=fpv5-d16 -std=gnu11 -D__weak=__attribute__((weak)) -D__packed=__attribute__((__packed__)) -DUSE_HAL_DRIVER -DSTM32F767xx -DARM_MATH_CM7 -D__FPU_PRESENT=1 -I../Inc -I../Drivers/STM32F7xx_HAL_Driver/Inc -I../Drivers/STM32F7xx_HAL_Driver/Inc/Legacy -I../Drivers/CMSIS/Device/ST/STM32F7xx/Include -I../Drivers/CMSIS/Include -O0 -ffunction-sections -fdata-sections -g -fstack-usage -Wall -specs=nano.specs -o Src\experimentConfig.o ..\Src\experimentConfig.c 
arm-atollic-eabi-gcc -c -mthumb -mcpu=cortex-m7 -mfloat-abi=hard -mfpu=fpv5-d16 -std=gnu11 -D__weak=__attribute__((weak)) -D__packed=__attribute__((__packed__)) -DUSE_HAL_DRIVER -DSTM32F767xx -DARM_MATH_CM7 -D__FPU_PRESENT=1 -I../Inc -I../Drivers/STM32F7xx_HAL_Driver/Inc -I../Drivers/STM32F7xx_HAL_Driver/Inc/Legacy -I../Drivers/CMSIS/Device/ST/STM32F7xx/Include -I../Drivers/CMSIS/Include -O0 -ffunction-sections -fdata-sections -g -fstack-usage -Wall -specs=nano.specs -o Src\haptic.o ..\Src\haptic.c 
arm-atollic-eabi-gcc -o atlasHaptic_nucleo767ZI.elf Drivers\STM32F7xx_HAL_Driver\Src\stm32f7xx_hal.o Drivers\STM32F7xx_HAL_Driver\Src\stm32f7xx_hal_cortex.o Drivers\STM32F7xx_HAL_Driver\Src\stm32f7xx_hal_dma.o Drivers\STM32F7xx_HAL_Driver\Src\stm32f7xx_hal_dma_ex.o Drivers\STM32F7xx_HAL_Driver\Src\stm32f7xx_hal_flash.o Drivers\STM32F7xx_HAL_Driver\Src\stm32f7xx_hal_flash_ex.o Drivers\STM32F7xx_HAL_Driver\Src\stm32f7xx_hal_gpio.o Drivers\STM32F7xx_HAL_Driver\Src\stm32f7xx_hal_i2c.o Drivers\STM32F7xx_HAL_Driver\Src\stm32f7xx_hal_i2c_ex.o Drivers\STM32F7xx_HAL_Driver\Src\stm32f7xx_hal_pwr.o Drivers\STM32F7xx_HAL_Driver\Src\stm32f7xx_hal_pwr_ex.o Drivers\STM32F7xx_HAL_Driver\Src\stm32f7xx_hal_rcc.o Drivers\STM32F7xx_HAL_Driver\Src\stm32f7xx_hal_rcc_ex.o Drivers\STM32F7xx_HAL_Driver\Src\stm32f7xx_hal_tim.o Drivers\STM32F7xx_HAL_Driver\Src\stm32f7xx_hal_tim_ex.o Drivers\STM32F7xx_HAL_Driver\Src\stm32f7xx_hal_uart.o Src\CMSIS\BasicMathFunctions\arm_abs_f32.o Src\CMSIS\BasicMathFunctions\arm_abs_q15.o Src\CMSIS\BasicMathFunctions\arm_abs_q31.o Src\CMSIS\BasicMathFunctions\arm_abs_q7.o Src\CMSIS\BasicMathFunctions\arm_add_f32.o Src\CMSIS\BasicMathFunctions\arm_add_q15.o Src\CMSIS\BasicMathFunctions\arm_add_q31.o Src\CMSIS\BasicMathFunctions\arm_add_q7.o Src\CMSIS\BasicMathFunctions\arm_dot_prod_f32.o Src\CMSIS\BasicMathFunctions\arm_dot_prod_q15.o Src\CMSIS\BasicMathFunctions\arm_dot_prod_q31.o Src\CMSIS\BasicMathFunctions\arm_dot_prod_q7.o Src\CMSIS\BasicMathFunctions\arm_mult_f32.o Src\CMSIS\BasicMathFunctions\arm_mult_q15.o Src\CMSIS\BasicMathFunctions\arm_mult_q31.o Src\CMSIS\BasicMathFunctions\arm_mult_q7.o Src\CMSIS\BasicMathFunctions\arm_negate_f32.o Src\CMSIS\BasicMathFunctions\arm_negate_q15.o Src\CMSIS\BasicMathFunctions\arm_negate_q31.o Src\CMSIS\BasicMathFunctions\arm_negate_q7.o Src\CMSIS\BasicMathFunctions\arm_offset_f32.o Src\CMSIS\BasicMathFunctions\arm_offset_q15.o Src\CMSIS\BasicMathFunctions\arm_offset_q31.o Src\CMSIS\BasicMathFunctions\arm_offset_q7.o Src\CMSIS\BasicMathFunctions\arm_scale_f32.o Src\CMSIS\BasicMathFunctions\arm_scale_q15.o Src\CMSIS\BasicMathFunctions\arm_scale_q31.o Src\CMSIS\BasicMathFunctions\arm_scale_q7.o Src\CMSIS\BasicMathFunctions\arm_shift_q15.o Src\CMSIS\BasicMathFunctions\arm_shift_q31.o Src\CMSIS\BasicMathFunctions\arm_shift_q7.o Src\CMSIS\BasicMathFunctions\arm_sub_f32.o Src\CMSIS\BasicMathFunctions\arm_sub_q15.o Src\CMSIS\BasicMathFunctions\arm_sub_q31.o Src\CMSIS\BasicMathFunctions\arm_sub_q7.o Src\CMSIS\CommonTables\arm_common_tables.o Src\CMSIS\CommonTables\arm_const_structs.o Src\CMSIS\ControllerFunctions\arm_pid_init_f32.o Src\CMSIS\ControllerFunctions\arm_pid_init_q15.o Src\CMSIS\ControllerFunctions\arm_pid_init_q31.o Src\CMSIS\ControllerFunctions\arm_pid_reset_f32.o Src\CMSIS\ControllerFunctions\arm_pid_reset_q15.o Src\CMSIS\ControllerFunctions\arm_pid_reset_q31.o Src\CMSIS\ControllerFunctions\arm_sin_cos_f32.o Src\CMSIS\ControllerFunctions\arm_sin_cos_q31.o Src\CMSIS\FastMathFunctions\arm_cos_f32.o Src\CMSIS\FastMathFunctions\arm_cos_q15.o Src\CMSIS\FastMathFunctions\arm_cos_q31.o Src\CMSIS\FastMathFunctions\arm_sin_f32.o Src\CMSIS\FastMathFunctions\arm_sin_q15.o Src\CMSIS\FastMathFunctions\arm_sin_q31.o Src\CMSIS\FastMathFunctions\arm_sqrt_q15.o Src\CMSIS\FastMathFunctions\arm_sqrt_q31.o Src\CMSIS\SupportFunctions\arm_copy_f32.o Src\CMSIS\SupportFunctions\arm_copy_q15.o Src\CMSIS\SupportFunctions\arm_copy_q31.o Src\CMSIS\SupportFunctions\arm_copy_q7.o Src\CMSIS\SupportFunctions\arm_fill_f32.o Src\CMSIS\SupportFunctions\arm_fill_q15.o Src\CMSIS\SupportFunctions\arm_fill_q31.o Src\CMSIS\SupportFunctions\arm_fill_q7.o Src\CMSIS\SupportFunctions\arm_float_to_q15.o Src\CMSIS\SupportFunctions\arm_float_to_q31.o Src\CMSIS\SupportFunctions\arm_float_to_q7.o Src\CMSIS\SupportFunctions\arm_q15_to_float.o Src\CMSIS\SupportFunctions\arm_q15_to_q31.o Src\CMSIS\SupportFunctions\arm_q15_to_q7.o Src\CMSIS\SupportFunctions\arm_q31_to_float.o Src\CMSIS\SupportFunctions\arm_q31_to_q15.o Src\CMSIS\SupportFunctions\arm_q31_to_q7.o Src\CMSIS\SupportFunctions\arm_q7_to_float.o Src\CMSIS\SupportFunctions\arm_q7_to_q15.o Src\CMSIS\SupportFunctions\arm_q7_to_q31.o Src\cJSON\cJSON.o Src\cJSON\cJSON_Utils.o Src\dma.o Src\experimentConfig.o Src\gpio.o Src\haptic.o Src\i2c.o Src\main.o Src\simulation\massStatesCalculation.o Src\simulation\pedalVariables.o Src\simulation\pointersForPrint.o Src\simulation\simulationVariables_forSpringMassDamper.o Src\stm32f7xx_hal_msp.o Src\stm32f7xx_it.o Src\system_stm32f7xx.o Src\tim.o Src\usart.o startup\startup_stm32f767xx.o -mthumb -mcpu=cortex-m7 -mfloat-abi=hard -mfpu=fpv5-d16 -T../STM32F767ZI_FLASH.ld -specs=nosys.specs -static -Wl,-Map=atlasHaptic_nucleo767ZI.map -Wl,--gc-sections -Wl,--defsym=malloc_getpagesize_P=0x80 -Wl,--start-group -lc -lm -Wl,--end-group -specs=nano.specs 
C:\Program Files (x86)\Atollic\TrueSTUDIO for STM32 9.0.1\ide\jre\bin\java -jar C:\Program Files (x86)\Atollic\TrueSTUDIO for STM32 9.0.1\Tools\arm-atollic-reports.jar sizeinfo list atlasHaptic_nucleo767ZI.elf 
Generate build reports...
Print size information
   text	   data	    bss	    dec	    hex	filename
  22508	     84	   2112	  24704	   6080	atlasHaptic_nucleo767ZI.elf
Print size information done
Generate listing file
Output sent to: atlasHaptic_nucleo767ZI.list
Generate listing file done
Generate build reports done
arm-atollic-eabi-objcopy.exe -O ihex atlasHaptic_nucleo767ZI.elf atlasHaptic_nucleo767ZI.hex 
00:44:46 **** Incremental Build of configuration Debug for project atlasHaptic_nucleo767ZI ****
Info: Internal Builder is used for build
arm-atollic-eabi-gcc -c -mthumb -mcpu=cortex-m7 -mfloat-abi=hard -mfpu=fpv5-d16 -std=gnu11 -D__weak=__attribute__((weak)) -D__packed=__attribute__((__packed__)) -DUSE_HAL_DRIVER -DSTM32F767xx -DARM_MATH_CM7 -D__FPU_PRESENT=1 -I../Inc -I../Drivers/STM32F7xx_HAL_Driver/Inc -I../Drivers/STM32F7xx_HAL_Driver/Inc/Legacy -I../Drivers/CMSIS/Device/ST/STM32F7xx/Include -I../Drivers/CMSIS/Include -O0 -ffunction-sections -fdata-sections -g -fstack-usage -Wall -specs=nano.specs -o Src\simulation\massStatesCalculation.o ..\Src\simulation\massStatesCalculation.c 
In file included from ..\Src\simulation\massStatesCalculation.c:11:0:
../Inc/experimentConfig.h:34:2: error: unknown type name 'bool'
  bool hasJSONCome;
  ^~~~
00:45:15 **** Incremental Build of configuration Debug for project atlasHaptic_nucleo767ZI ****
Info: Internal Builder is used for build
arm-atollic-eabi-gcc -c -mthumb -mcpu=cortex-m7 -mfloat-abi=hard -mfpu=fpv5-d16 -std=gnu11 -D__weak=__attribute__((weak)) -D__packed=__attribute__((__packed__)) -DUSE_HAL_DRIVER -DSTM32F767xx -DARM_MATH_CM7 -D__FPU_PRESENT=1 -I../Inc -I../Drivers/STM32F7xx_HAL_Driver/Inc -I../Drivers/STM32F7xx_HAL_Driver/Inc/Legacy -I../Drivers/CMSIS/Device/ST/STM32F7xx/Include -I../Drivers/CMSIS/Include -O0 -ffunction-sections -fdata-sections -g -fstack-usage -Wall -specs=nano.specs -o Src\simulation\massStatesCalculation.o ..\Src\simulation\massStatesCalculation.c 
arm-atollic-eabi-gcc -c -mthumb -mcpu=cortex-m7 -mfloat-abi=hard -mfpu=fpv5-d16 -std=gnu11 -D__weak=__attribute__((weak)) -D__packed=__attribute__((__packed__)) -DUSE_HAL_DRIVER -DSTM32F767xx -DARM_MATH_CM7 -D__FPU_PRESENT=1 -I../Inc -I../Drivers/STM32F7xx_HAL_Driver/Inc -I../Drivers/STM32F7xx_HAL_Driver/Inc/Legacy -I../Drivers/CMSIS/Device/ST/STM32F7xx/Include -I../Drivers/CMSIS/Include -O0 -ffunction-sections -fdata-sections -g -fstack-usage -Wall -specs=nano.specs -o Src\haptic.o ..\Src\haptic.c 
arm-atollic-eabi-gcc -c -mthumb -mcpu=cortex-m7 -mfloat-abi=hard -mfpu=fpv5-d16 -std=gnu11 -D__weak=__attribute__((weak)) -D__packed=__attribute__((__packed__)) -DUSE_HAL_DRIVER -DSTM32F767xx -DARM_MATH_CM7 -D__FPU_PRESENT=1 -I../Inc -I../Drivers/STM32F7xx_HAL_Driver/Inc -I../Drivers/STM32F7xx_HAL_Driver/Inc/Legacy -I../Drivers/CMSIS/Device/ST/STM32F7xx/Include -I../Drivers/CMSIS/Include -O0 -ffunction-sections -fdata-sections -g -fstack-usage -Wall -specs=nano.specs -o Src\experimentConfig.o ..\Src\experimentConfig.c 
..\Src\experimentConfig.c: In function 'readExperimentConfiguration':
..\Src\experimentConfig.c:32:3: warning: implicit declaration of function 'free' [-Wimplicit-function-declaration]
   free(experimentSineParams.frequencies);
   ^~~~
..\Src\experimentConfig.c:32:3: warning: incompatible implicit declaration of built-in function 'free'
..\Src\experimentConfig.c:32:3: note: include '<stdlib.h>' or provide a declaration of 'free'
..\Src\experimentConfig.c:34:3: warning: incompatible implicit declaration of built-in function 'free'
   free(experimentSineParams.magnitudes);
   ^~~~
..\Src\experimentConfig.c:34:3: note: include '<stdlib.h>' or provide a declaration of 'free'
..\Src\experimentConfig.c:36:3: warning: incompatible implicit declaration of built-in function 'free'
   free(experimentSineParams.phases);
   ^~~~
..\Src\experimentConfig.c:36:3: note: include '<stdlib.h>' or provide a declaration of 'free'
..\Src\experimentConfig.c:40:46: warning: implicit declaration of function 'malloc' [-Wimplicit-function-declaration]
  experimentSineParams.frequencies  = (float*)malloc(experimentSineParams.numberOfFrequencies * sizeof(float));
                                              ^~~~~~
..\Src\experimentConfig.c:40:46: warning: incompatible implicit declaration of built-in function 'malloc'
..\Src\experimentConfig.c:40:46: note: include '<stdlib.h>' or provide a declaration of 'malloc'
arm-atollic-eabi-gcc -o atlasHaptic_nucleo767ZI.elf Drivers\STM32F7xx_HAL_Driver\Src\stm32f7xx_hal.o Drivers\STM32F7xx_HAL_Driver\Src\stm32f7xx_hal_cortex.o Drivers\STM32F7xx_HAL_Driver\Src\stm32f7xx_hal_dma.o Drivers\STM32F7xx_HAL_Driver\Src\stm32f7xx_hal_dma_ex.o Drivers\STM32F7xx_HAL_Driver\Src\stm32f7xx_hal_flash.o Drivers\STM32F7xx_HAL_Driver\Src\stm32f7xx_hal_flash_ex.o Drivers\STM32F7xx_HAL_Driver\Src\stm32f7xx_hal_gpio.o Drivers\STM32F7xx_HAL_Driver\Src\stm32f7xx_hal_i2c.o Drivers\STM32F7xx_HAL_Driver\Src\stm32f7xx_hal_i2c_ex.o Drivers\STM32F7xx_HAL_Driver\Src\stm32f7xx_hal_pwr.o Drivers\STM32F7xx_HAL_Driver\Src\stm32f7xx_hal_pwr_ex.o Drivers\STM32F7xx_HAL_Driver\Src\stm32f7xx_hal_rcc.o Drivers\STM32F7xx_HAL_Driver\Src\stm32f7xx_hal_rcc_ex.o Drivers\STM32F7xx_HAL_Driver\Src\stm32f7xx_hal_tim.o Drivers\STM32F7xx_HAL_Driver\Src\stm32f7xx_hal_tim_ex.o Drivers\STM32F7xx_HAL_Driver\Src\stm32f7xx_hal_uart.o Src\CMSIS\BasicMathFunctions\arm_abs_f32.o Src\CMSIS\BasicMathFunctions\arm_abs_q15.o Src\CMSIS\BasicMathFunctions\arm_abs_q31.o Src\CMSIS\BasicMathFunctions\arm_abs_q7.o Src\CMSIS\BasicMathFunctions\arm_add_f32.o Src\CMSIS\BasicMathFunctions\arm_add_q15.o Src\CMSIS\BasicMathFunctions\arm_add_q31.o Src\CMSIS\BasicMathFunctions\arm_add_q7.o Src\CMSIS\BasicMathFunctions\arm_dot_prod_f32.o Src\CMSIS\BasicMathFunctions\arm_dot_prod_q15.o Src\CMSIS\BasicMathFunctions\arm_dot_prod_q31.o Src\CMSIS\BasicMathFunctions\arm_dot_prod_q7.o Src\CMSIS\BasicMathFunctions\arm_mult_f32.o Src\CMSIS\BasicMathFunctions\arm_mult_q15.o Src\CMSIS\BasicMathFunctions\arm_mult_q31.o Src\CMSIS\BasicMathFunctions\arm_mult_q7.o Src\CMSIS\BasicMathFunctions\arm_negate_f32.o Src\CMSIS\BasicMathFunctions\arm_negate_q15.o Src\CMSIS\BasicMathFunctions\arm_negate_q31.o Src\CMSIS\BasicMathFunctions\arm_negate_q7.o Src\CMSIS\BasicMathFunctions\arm_offset_f32.o Src\CMSIS\BasicMathFunctions\arm_offset_q15.o Src\CMSIS\BasicMathFunctions\arm_offset_q31.o Src\CMSIS\BasicMathFunctions\arm_offset_q7.o Src\CMSIS\BasicMathFunctions\arm_scale_f32.o Src\CMSIS\BasicMathFunctions\arm_scale_q15.o Src\CMSIS\BasicMathFunctions\arm_scale_q31.o Src\CMSIS\BasicMathFunctions\arm_scale_q7.o Src\CMSIS\BasicMathFunctions\arm_shift_q15.o Src\CMSIS\BasicMathFunctions\arm_shift_q31.o Src\CMSIS\BasicMathFunctions\arm_shift_q7.o Src\CMSIS\BasicMathFunctions\arm_sub_f32.o Src\CMSIS\BasicMathFunctions\arm_sub_q15.o Src\CMSIS\BasicMathFunctions\arm_sub_q31.o Src\CMSIS\BasicMathFunctions\arm_sub_q7.o Src\CMSIS\CommonTables\arm_common_tables.o Src\CMSIS\CommonTables\arm_const_structs.o Src\CMSIS\ControllerFunctions\arm_pid_init_f32.o Src\CMSIS\ControllerFunctions\arm_pid_init_q15.o Src\CMSIS\ControllerFunctions\arm_pid_init_q31.o Src\CMSIS\ControllerFunctions\arm_pid_reset_f32.o Src\CMSIS\ControllerFunctions\arm_pid_reset_q15.o Src\CMSIS\ControllerFunctions\arm_pid_reset_q31.o Src\CMSIS\ControllerFunctions\arm_sin_cos_f32.o Src\CMSIS\ControllerFunctions\arm_sin_cos_q31.o Src\CMSIS\FastMathFunctions\arm_cos_f32.o Src\CMSIS\FastMathFunctions\arm_cos_q15.o Src\CMSIS\FastMathFunctions\arm_cos_q31.o Src\CMSIS\FastMathFunctions\arm_sin_f32.o Src\CMSIS\FastMathFunctions\arm_sin_q15.o Src\CMSIS\FastMathFunctions\arm_sin_q31.o Src\CMSIS\FastMathFunctions\arm_sqrt_q15.o Src\CMSIS\FastMathFunctions\arm_sqrt_q31.o Src\CMSIS\SupportFunctions\arm_copy_f32.o Src\CMSIS\SupportFunctions\arm_copy_q15.o Src\CMSIS\SupportFunctions\arm_copy_q31.o Src\CMSIS\SupportFunctions\arm_copy_q7.o Src\CMSIS\SupportFunctions\arm_fill_f32.o Src\CMSIS\SupportFunctions\arm_fill_q15.o Src\CMSIS\SupportFunctions\arm_fill_q31.o Src\CMSIS\SupportFunctions\arm_fill_q7.o Src\CMSIS\SupportFunctions\arm_float_to_q15.o Src\CMSIS\SupportFunctions\arm_float_to_q31.o Src\CMSIS\SupportFunctions\arm_float_to_q7.o Src\CMSIS\SupportFunctions\arm_q15_to_float.o Src\CMSIS\SupportFunctions\arm_q15_to_q31.o Src\CMSIS\SupportFunctions\arm_q15_to_q7.o Src\CMSIS\SupportFunctions\arm_q31_to_float.o Src\CMSIS\SupportFunctions\arm_q31_to_q15.o Src\CMSIS\SupportFunctions\arm_q31_to_q7.o Src\CMSIS\SupportFunctions\arm_q7_to_float.o Src\CMSIS\SupportFunctions\arm_q7_to_q15.o Src\CMSIS\SupportFunctions\arm_q7_to_q31.o Src\cJSON\cJSON.o Src\cJSON\cJSON_Utils.o Src\dma.o Src\experimentConfig.o Src\gpio.o Src\haptic.o Src\i2c.o Src\main.o Src\simulation\massStatesCalculation.o Src\simulation\pedalVariables.o Src\simulation\pointersForPrint.o Src\simulation\simulationVariables_forSpringMassDamper.o Src\stm32f7xx_hal_msp.o Src\stm32f7xx_it.o Src\system_stm32f7xx.o Src\tim.o Src\usart.o startup\startup_stm32f767xx.o -mthumb -mcpu=cortex-m7 -mfloat-abi=hard -mfpu=fpv5-d16 -T../STM32F767ZI_FLASH.ld -specs=nosys.specs -static -Wl,-Map=atlasHaptic_nucleo767ZI.map -Wl,--gc-sections -Wl,--defsym=malloc_getpagesize_P=0x80 -Wl,--start-group -lc -lm -Wl,--end-group -specs=nano.specs 
C:\Program Files (x86)\Atollic\TrueSTUDIO for STM32 9.0.1\ide\jre\bin\java -jar C:\Program Files (x86)\Atollic\TrueSTUDIO for STM32 9.0.1\Tools\arm-atollic-reports.jar sizeinfo list atlasHaptic_nucleo767ZI.elf 
Generate build reports...
Print size information
   text	   data	    bss	    dec	    hex	filename
  22536	     44	   2112	  24692	   6074	atlasHaptic_nucleo767ZI.elf
Print size information done
Generate listing file
Output sent to: atlasHaptic_nucleo767ZI.list
Generate listing file done
Generate build reports done
arm-atollic-eabi-objcopy.exe -O ihex atlasHaptic_nucleo767ZI.elf atlasHaptic_nucleo767ZI.hex 
00:45:37 **** Incremental Build of configuration Debug for project atlasHaptic_nucleo767ZI ****
Info: Internal Builder is used for build
arm-atollic-eabi-gcc -c -mthumb -mcpu=cortex-m7 -mfloat-abi=hard -mfpu=fpv5-d16 -std=gnu11 -D__weak=__attribute__((weak)) -D__packed=__attribute__((__packed__)) -DUSE_HAL_DRIVER -DSTM32F767xx -DARM_MATH_CM7 -D__FPU_PRESENT=1 -I../Inc -I../Drivers/STM32F7xx_HAL_Driver/Inc -I../Drivers/STM32F7xx_HAL_Driver/Inc/Legacy -I../Drivers/CMSIS/Device/ST/STM32F7xx/Include -I../Drivers/CMSIS/Include -O0 -ffunction-sections -fdata-sections -g -fstack-usage -Wall -specs=nano.specs -o Src\simulation\massStatesCalculation.o ..\Src\simulation\massStatesCalculation.c 
arm-atollic-eabi-gcc -c -mthumb -mcpu=cortex-m7 -mfloat-abi=hard -mfpu=fpv5-d16 -std=gnu11 -D__weak=__attribute__((weak)) -D__packed=__attribute__((__packed__)) -DUSE_HAL_DRIVER -DSTM32F767xx -DARM_MATH_CM7 -D__FPU_PRESENT=1 -I../Inc -I../Drivers/STM32F7xx_HAL_Driver/Inc -I../Drivers/STM32F7xx_HAL_Driver/Inc/Legacy -I../Drivers/CMSIS/Device/ST/STM32F7xx/Include -I../Drivers/CMSIS/Include -O0 -ffunction-sections -fdata-sections -g -fstack-usage -Wall -specs=nano.specs -o Src\experimentConfig.o ..\Src\experimentConfig.c 
arm-atollic-eabi-gcc -c -mthumb -mcpu=cortex-m7 -mfloat-abi=hard -mfpu=fpv5-d16 -std=gnu11 -D__weak=__attribute__((weak)) -D__packed=__attribute__((__packed__)) -DUSE_HAL_DRIVER -DSTM32F767xx -DARM_MATH_CM7 -D__FPU_PRESENT=1 -I../Inc -I../Drivers/STM32F7xx_HAL_Driver/Inc -I../Drivers/STM32F7xx_HAL_Driver/Inc/Legacy -I../Drivers/CMSIS/Device/ST/STM32F7xx/Include -I../Drivers/CMSIS/Include -O0 -ffunction-sections -fdata-sections -g -fstack-usage -Wall -specs=nano.specs -o Src\haptic.o ..\Src\haptic.c 
arm-atollic-eabi-gcc -o atlasHaptic_nucleo767ZI.elf Drivers\STM32F7xx_HAL_Driver\Src\stm32f7xx_hal.o Drivers\STM32F7xx_HAL_Driver\Src\stm32f7xx_hal_cortex.o Drivers\STM32F7xx_HAL_Driver\Src\stm32f7xx_hal_dma.o Drivers\STM32F7xx_HAL_Driver\Src\stm32f7xx_hal_dma_ex.o Drivers\STM32F7xx_HAL_Driver\Src\stm32f7xx_hal_flash.o Drivers\STM32F7xx_HAL_Driver\Src\stm32f7xx_hal_flash_ex.o Drivers\STM32F7xx_HAL_Driver\Src\stm32f7xx_hal_gpio.o Drivers\STM32F7xx_HAL_Driver\Src\stm32f7xx_hal_i2c.o Drivers\STM32F7xx_HAL_Driver\Src\stm32f7xx_hal_i2c_ex.o Drivers\STM32F7xx_HAL_Driver\Src\stm32f7xx_hal_pwr.o Drivers\STM32F7xx_HAL_Driver\Src\stm32f7xx_hal_pwr_ex.o Drivers\STM32F7xx_HAL_Driver\Src\stm32f7xx_hal_rcc.o Drivers\STM32F7xx_HAL_Driver\Src\stm32f7xx_hal_rcc_ex.o Drivers\STM32F7xx_HAL_Driver\Src\stm32f7xx_hal_tim.o Drivers\STM32F7xx_HAL_Driver\Src\stm32f7xx_hal_tim_ex.o Drivers\STM32F7xx_HAL_Driver\Src\stm32f7xx_hal_uart.o Src\CMSIS\BasicMathFunctions\arm_abs_f32.o Src\CMSIS\BasicMathFunctions\arm_abs_q15.o Src\CMSIS\BasicMathFunctions\arm_abs_q31.o Src\CMSIS\BasicMathFunctions\arm_abs_q7.o Src\CMSIS\BasicMathFunctions\arm_add_f32.o Src\CMSIS\BasicMathFunctions\arm_add_q15.o Src\CMSIS\BasicMathFunctions\arm_add_q31.o Src\CMSIS\BasicMathFunctions\arm_add_q7.o Src\CMSIS\BasicMathFunctions\arm_dot_prod_f32.o Src\CMSIS\BasicMathFunctions\arm_dot_prod_q15.o Src\CMSIS\BasicMathFunctions\arm_dot_prod_q31.o Src\CMSIS\BasicMathFunctions\arm_dot_prod_q7.o Src\CMSIS\BasicMathFunctions\arm_mult_f32.o Src\CMSIS\BasicMathFunctions\arm_mult_q15.o Src\CMSIS\BasicMathFunctions\arm_mult_q31.o Src\CMSIS\BasicMathFunctions\arm_mult_q7.o Src\CMSIS\BasicMathFunctions\arm_negate_f32.o Src\CMSIS\BasicMathFunctions\arm_negate_q15.o Src\CMSIS\BasicMathFunctions\arm_negate_q31.o Src\CMSIS\BasicMathFunctions\arm_negate_q7.o Src\CMSIS\BasicMathFunctions\arm_offset_f32.o Src\CMSIS\BasicMathFunctions\arm_offset_q15.o Src\CMSIS\BasicMathFunctions\arm_offset_q31.o Src\CMSIS\BasicMathFunctions\arm_offset_q7.o Src\CMSIS\BasicMathFunctions\arm_scale_f32.o Src\CMSIS\BasicMathFunctions\arm_scale_q15.o Src\CMSIS\BasicMathFunctions\arm_scale_q31.o Src\CMSIS\BasicMathFunctions\arm_scale_q7.o Src\CMSIS\BasicMathFunctions\arm_shift_q15.o Src\CMSIS\BasicMathFunctions\arm_shift_q31.o Src\CMSIS\BasicMathFunctions\arm_shift_q7.o Src\CMSIS\BasicMathFunctions\arm_sub_f32.o Src\CMSIS\BasicMathFunctions\arm_sub_q15.o Src\CMSIS\BasicMathFunctions\arm_sub_q31.o Src\CMSIS\BasicMathFunctions\arm_sub_q7.o Src\CMSIS\CommonTables\arm_common_tables.o Src\CMSIS\CommonTables\arm_const_structs.o Src\CMSIS\ControllerFunctions\arm_pid_init_f32.o Src\CMSIS\ControllerFunctions\arm_pid_init_q15.o Src\CMSIS\ControllerFunctions\arm_pid_init_q31.o Src\CMSIS\ControllerFunctions\arm_pid_reset_f32.o Src\CMSIS\ControllerFunctions\arm_pid_reset_q15.o Src\CMSIS\ControllerFunctions\arm_pid_reset_q31.o Src\CMSIS\ControllerFunctions\arm_sin_cos_f32.o Src\CMSIS\ControllerFunctions\arm_sin_cos_q31.o Src\CMSIS\FastMathFunctions\arm_cos_f32.o Src\CMSIS\FastMathFunctions\arm_cos_q15.o Src\CMSIS\FastMathFunctions\arm_cos_q31.o Src\CMSIS\FastMathFunctions\arm_sin_f32.o Src\CMSIS\FastMathFunctions\arm_sin_q15.o Src\CMSIS\FastMathFunctions\arm_sin_q31.o Src\CMSIS\FastMathFunctions\arm_sqrt_q15.o Src\CMSIS\FastMathFunctions\arm_sqrt_q31.o Src\CMSIS\SupportFunctions\arm_copy_f32.o Src\CMSIS\SupportFunctions\arm_copy_q15.o Src\CMSIS\SupportFunctions\arm_copy_q31.o Src\CMSIS\SupportFunctions\arm_copy_q7.o Src\CMSIS\SupportFunctions\arm_fill_f32.o Src\CMSIS\SupportFunctions\arm_fill_q15.o Src\CMSIS\SupportFunctions\arm_fill_q31.o Src\CMSIS\SupportFunctions\arm_fill_q7.o Src\CMSIS\SupportFunctions\arm_float_to_q15.o Src\CMSIS\SupportFunctions\arm_float_to_q31.o Src\CMSIS\SupportFunctions\arm_float_to_q7.o Src\CMSIS\SupportFunctions\arm_q15_to_float.o Src\CMSIS\SupportFunctions\arm_q15_to_q31.o Src\CMSIS\SupportFunctions\arm_q15_to_q7.o Src\CMSIS\SupportFunctions\arm_q31_to_float.o Src\CMSIS\SupportFunctions\arm_q31_to_q15.o Src\CMSIS\SupportFunctions\arm_q31_to_q7.o Src\CMSIS\SupportFunctions\arm_q7_to_float.o Src\CMSIS\SupportFunctions\arm_q7_to_q15.o Src\CMSIS\SupportFunctions\arm_q7_to_q31.o Src\cJSON\cJSON.o Src\cJSON\cJSON_Utils.o Src\dma.o Src\experimentConfig.o Src\gpio.o Src\haptic.o Src\i2c.o Src\main.o Src\simulation\massStatesCalculation.o Src\simulation\pedalVariables.o Src\simulation\pointersForPrint.o Src\simulation\simulationVariables_forSpringMassDamper.o Src\stm32f7xx_hal_msp.o Src\stm32f7xx_it.o Src\system_stm32f7xx.o Src\tim.o Src\usart.o startup\startup_stm32f767xx.o -mthumb -mcpu=cortex-m7 -mfloat-abi=hard -mfpu=fpv5-d16 -T../STM32F767ZI_FLASH.ld -specs=nosys.specs -static -Wl,-Map=atlasHaptic_nucleo767ZI.map -Wl,--gc-sections -Wl,--defsym=malloc_getpagesize_P=0x80 -Wl,--start-group -lc -lm -Wl,--end-group -specs=nano.specs 
C:\Program Files (x86)\Atollic\TrueSTUDIO for STM32 9.0.1\ide\jre\bin\java -jar C:\Program Files (x86)\Atollic\TrueSTUDIO for STM32 9.0.1\Tools\arm-atollic-reports.jar sizeinfo list atlasHaptic_nucleo767ZI.elf 
Generate build reports...
Print size information
   text	   data	    bss	    dec	    hex	filename
  22536	     44	   2112	  24692	   6074	atlasHaptic_nucleo767ZI.elf
Print size information done
Generate listing file
Output sent to: atlasHaptic_nucleo767ZI.list
Generate listing file done
Generate build reports done
[...]
arm-atollic-eabi-gcc -c -mthumb -mcpu=cortex-m7 -mfloat-abi=hard -mfpu=fpv5-d16 -std=gnu11 -D__weak=__attribute__((weak)) -D__packed=__attribute__((__packed__)) -DUSE_HAL_DRIVER -DSTM32F767xx -DARM_MATH_CM7 -D__FPU_PRESENT=1 -I../Inc -I../Drivers/STM32F7xx_HAL_Driver/Inc -I../Drivers/STM32F7xx_HAL_Driver/Inc/Legacy -I../Drivers/CMSIS/Device/ST/STM32F7xx/Include -I../Drivers/CMSIS/Include -O0 -ffunction-sections -fdata-sections -g -fstack-usage -Wall -specs=nano.specs -o Src\CMSIS\BasicMathFunctions\arm_sub_q15.o ..\Src\CMSIS\BasicMathFunctions\arm_sub_q15.c 
arm-atollic-eabi-gcc -c -mthumb -mcpu=cortex-m7 -mfloat-abi=hard -mfpu=fpv5-d16 -std=gnu11 -D__weak=__attribute__((weak)) -D__packed=__attribute__((__packed__)) -DUSE_HAL_DRIVER -DSTM32F767xx -DARM_MATH_CM7 -D__FPU_PRESENT=1 -I../Inc -I../Drivers/STM32F7xx_HAL_Driver/Inc -I../Drivers/STM32F7xx_HAL_Driver/Inc/Legacy -I../Drivers/CMSIS/Device/ST/STM32F7xx/Include -I../Drivers/CMSIS/Include -O0 -ffunction-sections -fdata-sections -g -fstack-usage -Wall -specs=nano.specs -o Src\CMSIS\SupportFunctions\arm_q15_to_float.o ..\Src\CMSIS\SupportFunctions\arm_q15_to_float.c 
arm-atollic-eabi-gcc -c -mthumb -mcpu=cortex-m7 -mfloat-abi=hard -mfpu=fpv5-d16 -std=gnu11 -D__weak=__attribute__((weak)) -D__packed=__attribute__((__packed__)) -DUSE_HAL_DRIVER -DSTM32F767xx -DARM_MATH_CM7 -D__FPU_PRESENT=1 -I../Inc -I../Drivers/STM32F7xx_HAL_Driver/Inc -I../Drivers/STM32F7xx_HAL_Driver/Inc/Legacy -I../Drivers/CMSIS/Device/ST/STM32F7xx/Include -I../Drivers/CMSIS/Include -O0 -ffunction-sections -fdata-sections -g -fstack-usage -Wall -specs=nano.specs -o Src\dma.o ..\Src\dma.c 
arm-atollic-eabi-gcc -c -mthumb -mcpu=cortex-m7 -mfloat-abi=hard -mfpu=fpv5-d16 -std=gnu11 -D__weak=__attribute__((weak)) -D__packed=__attribute__((__packed__)) -DUSE_HAL_DRIVER -DSTM32F767xx -DARM_MATH_CM7 -D__FPU_PRESENT=1 -I../Inc -I../Drivers/STM32F7xx_HAL_Driver/Inc -I../Drivers/STM32F7xx_HAL_Driver/Inc/Legacy -I../Drivers/CMSIS/Device/ST/STM32F7xx/Include -I../Drivers/CMSIS/Include -O0 -ffunction-sections -fdata-sections -g -fstack-usage -Wall -specs=nano.specs -o Drivers\STM32F7xx_HAL_Driver\Src\stm32f7xx_hal_gpio.o ..\Drivers\STM32F7xx_HAL_Driver\Src\stm32f7xx_hal_gpio.c 
arm-atollic-eabi-gcc -c -mthumb -mcpu=cortex-m7 -mfloat-abi=hard -mfpu=fpv5-d16 -std=gnu11 -D__weak=__attribute__((weak)) -D__packed=__attribute__((__packed__)) -DUSE_HAL_DRIVER -DSTM32F767xx -DARM_MATH_CM7 -D__FPU_PRESENT=1 -I../Inc -I../Drivers/STM32F7xx_HAL_Driver/Inc -I../Drivers/STM32F7xx_HAL_Driver/Inc/Legacy -I../Drivers/CMSIS/Device/ST/STM32F7xx/Include -I../Drivers/CMSIS/Include -O0 -ffunction-sections -fdata-sections -g -fstack-usage -Wall -specs=nano.specs -o Src\CMSIS\BasicMathFunctions\arm_shift_q7.o ..\Src\CMSIS\BasicMathFunctions\arm_shift_q7.c 
arm-atollic-eabi-gcc -c -mthumb -mcpu=cortex-m7 -mfloat-abi=hard -mfpu=fpv5-d16 -std=gnu11 -D__weak=__attribute__((weak)) -D__packed=__attribute__((__packed__)) -DUSE_HAL_DRIVER -DSTM32F767xx -DARM_MATH_CM7 -D__FPU_PRESENT=1 -I../Inc -I../Drivers/STM32F7xx_HAL_Driver/Inc -I../Drivers/STM32F7xx_HAL_Driver/Inc/Legacy -I../Drivers/CMSIS/Device/ST/STM32F7xx/Include -I../Drivers/CMSIS/Include -O0 -ffunction-sections -fdata-sections -g -fstack-usage -Wall -specs=nano.specs -o Drivers\STM32F7xx_HAL_Driver\Src\stm32f7xx_hal_i2c.o ..\Drivers\STM32F7xx_HAL_Driver\Src\stm32f7xx_hal_i2c.c 
arm-atollic-eabi-gcc -c -mthumb -mcpu=cortex-m7 -mfloat-abi=hard -mfpu=fpv5-d16 -std=gnu11 -D__weak=__attribute__((weak)) -D__packed=__attribute__((__packed__)) -DUSE_HAL_DRIVER -DSTM32F767xx -DARM_MATH_CM7 -D__FPU_PRESENT=1 -I../Inc -I../Drivers/STM32F7xx_HAL_Driver/Inc -I../Drivers/STM32F7xx_HAL_Driver/Inc/Legacy -I../Drivers/CMSIS/Device/ST/STM32F7xx/Include -I../Drivers/CMSIS/Include -O0 -ffunction-sections -fdata-sections -g -fstack-usage -Wall -specs=nano.specs -o Src\system_stm32f7xx.o ..\Src\system_stm32f7xx.c 
arm-atollic-eabi-gcc -c -mthumb -mcpu=cortex-m7 -mfloat-abi=hard -mfpu=fpv5-d16 -std=gnu11 -D__weak=__attribute__((weak)) -D__packed=__attribute__((__packed__)) -DUSE_HAL_DRIVER -DSTM32F767xx -DARM_MATH_CM7 -D__FPU_PRESENT=1 -I../Inc -I../Drivers/STM32F7xx_HAL_Driver/Inc -I../Drivers/STM32F7xx_HAL_Driver/Inc/Legacy -I../Drivers/CMSIS/Device/ST/STM32F7xx/Include -I../Drivers/CMSIS/Include -O0 -ffunction-sections -fdata-sections -g -fstack-usage -Wall -specs=nano.specs -o Src\CMSIS\BasicMathFunctions\arm_scale_q31.o ..\Src\CMSIS\BasicMathFunctions\arm_scale_q31.c 
arm-atollic-eabi-gcc -c -mthumb -mcpu=cortex-m7 -mfloat-abi=hard -mfpu=fpv5-d16 -std=gnu11 -D__weak=__attribute__((weak)) -D__packed=__attribute__((__packed__)) -DUSE_HAL_DRIVER -DSTM32F767xx -DARM_MATH_CM7 -D__FPU_PRESENT=1 -I../Inc -I../Drivers/STM32F7xx_HAL_Driver/Inc -I../Drivers/STM32F7xx_HAL_Driver/Inc/Legacy -I../Drivers/CMSIS/Device/ST/STM32F7xx/Include -I../Drivers/CMSIS/Include -O0 -ffunction-sections -fdata-sections -g -fstack-usage -Wall -specs=nano.specs -o Src\cJSON\cJSON.o ..\Src\cJSON\cJSON.c 
arm-atollic-eabi-gcc -c -mthumb -mcpu=cortex-m7 -mfloat-abi=hard -mfpu=fpv5-d16 -std=gnu11 -D__weak=__attribute__((weak)) -D__packed=__attribute__((__packed__)) -DUSE_HAL_DRIVER -DSTM32F767xx -DARM_MATH_CM7 -D__FPU_PRESENT=1 -I../Inc -I../Drivers/STM32F7xx_HAL_Driver/Inc -I../Drivers/STM32F7xx_HAL_Driver/Inc/Legacy -I../Drivers/CMSIS/Device/ST/STM32F7xx/Include -I../Drivers/CMSIS/Include -O0 -ffunction-sections -fdata-sections -g -fstack-usage -Wall -specs=nano.specs -o Src\CMSIS\BasicMathFunctions\arm_negate_q31.o ..\Src\CMSIS\BasicMathFunctions\arm_negate_q31.c 
arm-atollic-eabi-gcc -c -mthumb -mcpu=cortex-m7 -mfloat-abi=hard -mfpu=fpv5-d16 -std=gnu11 -D__weak=__attribute__((weak)) -D__packed=__attribute__((__packed__)) -DUSE_HAL_DRIVER -DSTM32F767xx -DARM_MATH_CM7 -D__FPU_PRESENT=1 -I../Inc -I../Drivers/STM32F7xx_HAL_Driver/Inc -I../Drivers/STM32F7xx_HAL_Driver/Inc/Legacy -I../Drivers/CMSIS/Device/ST/STM32F7xx/Include -I../Drivers/CMSIS/Include -O0 -ffunction-sections -fdata-sections -g -fstack-usage -Wall -specs=nano.specs -o Src\CMSIS\SupportFunctions\arm_fill_f32.o ..\Src\CMSIS\SupportFunctions\arm_fill_f32.c 
arm-atollic-eabi-gcc -c -mthumb -mcpu=cortex-m7 -mfloat-abi=hard -mfpu=fpv5-d16 -std=gnu11 -D__weak=__attribute__((weak)) -D__packed=__attribute__((__packed__)) -DUSE_HAL_DRIVER -DSTM32F767xx -DARM_MATH_CM7 -D__FPU_PRESENT=1 -I../Inc -I../Drivers/STM32F7xx_HAL_Driver/Inc -I../Drivers/STM32F7xx_HAL_Driver/Inc/Legacy -I../Drivers/CMSIS/Device/ST/STM32F7xx/Include -I../Drivers/CMSIS/Include -O0 -ffunction-sections -fdata-sections -g -fstack-usage -Wall -specs=nano.specs -o Src\CMSIS\SupportFunctions\arm_float_to_q31.o ..\Src\CMSIS\SupportFunctions\arm_float_to_q31.c 
arm-atollic-eabi-gcc -c -mthumb -mcpu=cortex-m7 -mfloat-abi=hard -mfpu=fpv5-d16 -std=gnu11 -D__weak=__attribute__((weak)) -D__packed=__attribute__((__packed__)) -DUSE_HAL_DRIVER -DSTM32F767xx -DARM_MATH_CM7 -D__FPU_PRESENT=1 -I../Inc -I../Drivers/STM32F7xx_HAL_Driver/Inc -I../Drivers/STM32F7xx_HAL_Driver/Inc/Legacy -I../Drivers/CMSIS/Device/ST/STM32F7xx/Include -I../Drivers/CMSIS/Include -O0 -ffunction-sections -fdata-sections -g -fstack-usage -Wall -specs=nano.specs -o Src\CMSIS\SupportFunctions\arm_q31_to_q7.o ..\Src\CMSIS\SupportFunctions\arm_q31_to_q7.c 
arm-atollic-eabi-gcc -c -mthumb -mcpu=cortex-m7 -mfloat-abi=hard -mfpu=fpv5-d16 -std=gnu11 -D__weak=__attribute__((weak)) -D__packed=__attribute__((__packed__)) -DUSE_HAL_DRIVER -DSTM32F767xx -DARM_MATH_CM7 -D__FPU_PRESENT=1 -I../Inc -I../Drivers/STM32F7xx_HAL_Driver/Inc -I../Drivers/STM32F7xx_HAL_Driver/Inc/Legacy -I../Drivers/CMSIS/Device/ST/STM32F7xx/Include -I../Drivers/CMSIS/Include -O0 -ffunction-sections -fdata-sections -g -fstack-usage -Wall -specs=nano.specs -o Src\CMSIS\BasicMathFunctions\arm_mult_f32.o ..\Src\CMSIS\BasicMathFunctions\arm_mult_f32.c 
arm-atollic-eabi-gcc -o atlasHaptic_nucleo767ZI.elf Drivers\STM32F7xx_HAL_Driver\Src\stm32f7xx_hal.o Drivers\STM32F7xx_HAL_Driver\Src\stm32f7xx_hal_cortex.o Drivers\STM32F7xx_HAL_Driver\Src\stm32f7xx_hal_dma.o Drivers\STM32F7xx_HAL_Driver\Src\stm32f7xx_hal_dma_ex.o Drivers\STM32F7xx_HAL_Driver\Src\stm32f7xx_hal_flash.o Drivers\STM32F7xx_HAL_Driver\Src\stm32f7xx_hal_flash_ex.o Drivers\STM32F7xx_HAL_Driver\Src\stm32f7xx_hal_gpio.o Drivers\STM32F7xx_HAL_Driver\Src\stm32f7xx_hal_i2c.o Drivers\STM32F7xx_HAL_Driver\Src\stm32f7xx_hal_i2c_ex.o Drivers\STM32F7xx_HAL_Driver\Src\stm32f7xx_hal_pwr.o Drivers\STM32F7xx_HAL_Driver\Src\stm32f7xx_hal_pwr_ex.o Drivers\STM32F7xx_HAL_Driver\Src\stm32f7xx_hal_rcc.o Drivers\STM32F7xx_HAL_Driver\Src\stm32f7xx_hal_rcc_ex.o Drivers\STM32F7xx_HAL_Driver\Src\stm32f7xx_hal_tim.o Drivers\STM32F7xx_HAL_Driver\Src\stm32f7xx_hal_tim_ex.o Drivers\STM32F7xx_HAL_Driver\Src\stm32f7xx_hal_uart.o Src\CMSIS\BasicMathFunctions\arm_abs_f32.o Src\CMSIS\BasicMathFunctions\arm_abs_q15.o Src\CMSIS\BasicMathFunctions\arm_abs_q31.o Src\CMSIS\BasicMathFunctions\arm_abs_q7.o Src\CMSIS\BasicMathFunctions\arm_add_f32.o Src\CMSIS\BasicMathFunctions\arm_add_q15.o Src\CMSIS\BasicMathFunctions\arm_add_q31.o Src\CMSIS\BasicMathFunctions\arm_add_q7.o Src\CMSIS\BasicMathFunctions\arm_dot_prod_f32.o Src\CMSIS\BasicMathFunctions\arm_dot_prod_q15.o Src\CMSIS\BasicMathFunctions\arm_dot_prod_q31.o Src\CMSIS\BasicMathFunctions\arm_dot_prod_q7.o Src\CMSIS\BasicMathFunctions\arm_mult_f32.o Src\CMSIS\BasicMathFunctions\arm_mult_q15.o Src\CMSIS\BasicMathFunctions\arm_mult_q31.o Src\CMSIS\BasicMathFunctions\arm_mult_q7.o Src\CMSIS\BasicMathFunctions\arm_negate_f32.o Src\CMSIS\BasicMathFunctions\arm_negate_q15.o Src\CMSIS\BasicMathFunctions\arm_negate_q31.o Src\CMSIS\BasicMathFunctions\arm_negate_q7.o Src\CMSIS\BasicMathFunctions\arm_offset_f32.o Src\CMSIS\BasicMathFunctions\arm_offset_q15.o Src\CMSIS\BasicMathFunctions\arm_offset_q31.o Src\CMSIS\BasicMathFunctions\arm_offset_q7.o Src\CMSIS\BasicMathFunctions\arm_scale_f32.o Src\CMSIS\BasicMathFunctions\arm_scale_q15.o Src\CMSIS\BasicMathFunctions\arm_scale_q31.o Src\CMSIS\BasicMathFunctions\arm_scale_q7.o Src\CMSIS\BasicMathFunctions\arm_shift_q15.o Src\CMSIS\BasicMathFunctions\arm_shift_q31.o Src\CMSIS\BasicMathFunctions\arm_shift_q7.o Src\CMSIS\BasicMathFunctions\arm_sub_f32.o Src\CMSIS\BasicMathFunctions\arm_sub_q15.o Src\CMSIS\BasicMathFunctions\arm_sub_q31.o Src\CMSIS\BasicMathFunctions\arm_sub_q7.o Src\CMSIS\CommonTables\arm_common_tables.o Src\CMSIS\CommonTables\arm_const_structs.o Src\CMSIS\ControllerFunctions\arm_pid_init_f32.o Src\CMSIS\ControllerFunctions\arm_pid_init_q15.o Src\CMSIS\ControllerFunctions\arm_pid_init_q31.o Src\CMSIS\ControllerFunctions\arm_pid_reset_f32.o Src\CMSIS\ControllerFunctions\arm_pid_reset_q15.o Src\CMSIS\ControllerFunctions\arm_pid_reset_q31.o Src\CMSIS\ControllerFunctions\arm_sin_cos_f32.o Src\CMSIS\ControllerFunctions\arm_sin_cos_q31.o Src\CMSIS\FastMathFunctions\arm_cos_f32.o Src\CMSIS\FastMathFunctions\arm_cos_q15.o Src\CMSIS\FastMathFunctions\arm_cos_q31.o Src\CMSIS\FastMathFunctions\arm_sin_f32.o Src\CMSIS\FastMathFunctions\arm_sin_q15.o Src\CMSIS\FastMathFunctions\arm_sin_q31.o Src\CMSIS\FastMathFunctions\arm_sqrt_q15.o Src\CMSIS\FastMathFunctions\arm_sqrt_q31.o Src\CMSIS\SupportFunctions\arm_copy_f32.o Src\CMSIS\SupportFunctions\arm_copy_q15.o Src\CMSIS\SupportFunctions\arm_copy_q31.o Src\CMSIS\SupportFunctions\arm_copy_q7.o Src\CMSIS\SupportFunctions\arm_fill_f32.o Src\CMSIS\SupportFunctions\arm_fill_q15.o Src\CMSIS\SupportFunctions\arm_fill_q31.o Src\CMSIS\SupportFunctions\arm_fill_q7.o Src\CMSIS\SupportFunctions\arm_float_to_q15.o Src\CMSIS\SupportFunctions\arm_float_to_q31.o Src\CMSIS\SupportFunctions\arm_float_to_q7.o Src\CMSIS\SupportFunctions\arm_q15_to_float.o Src\CMSIS\SupportFunctions\arm_q15_to_q31.o Src\CMSIS\SupportFunctions\arm_q15_to_q7.o Src\CMSIS\SupportFunctions\arm_q31_to_float.o Src\CMSIS\SupportFunctions\arm_q31_to_q15.o Src\CMSIS\SupportFunctions\arm_q31_to_q7.o Src\CMSIS\SupportFunctions\arm_q7_to_float.o Src\CMSIS\SupportFunctions\arm_q7_to_q15.o Src\CMSIS\SupportFunctions\arm_q7_to_q31.o Src\cJSON\cJSON.o Src\cJSON\cJSON_Utils.o Src\dma.o Src\experimentConfig.o Src\gpio.o Src\haptic.o Src\i2c.o Src\main.o Src\simulation\massStatesCalculation.o Src\simulation\pedalVariables.o Src\simulation\pointersForPrint.o Src\simulation\simulationVariables_forSpringMassDamper.o Src\stm32f7xx_hal_msp.o Src\stm32f7xx_it.o Src\system_stm32f7xx.o Src\tim.o Src\usart.o startup\startup_stm32f767xx.o -mthumb -mcpu=cortex-m7 -mfloat-abi=hard -mfpu=fpv5-d16 -T../STM32F767ZI_FLASH.ld -specs=nosys.specs -static -Wl,-Map=atlasHaptic_nucleo767ZI.map -Wl,--gc-sections -Wl,--defsym=malloc_getpagesize_P=0x80 -Wl,--start-group -lc -lm -Wl,--end-group -specs=nano.specs 
C:\Program Files (x86)\Atollic\TrueSTUDIO for STM32 9.0.1\ide\jre\bin\java -jar C:\Program Files (x86)\Atollic\TrueSTUDIO for STM32 9.0.1\Tools\arm-atollic-reports.jar sizeinfo list atlasHaptic_nucleo767ZI.elf 
Generate build reports...
Print size information
   text	   data	    bss	    dec	    hex	filename
  23016	     44	   2112	  25172	   6254	atlasHaptic_nucleo767ZI.elf
Print size information done
Generate listing file
Output sent to: atlasHaptic_nucleo767ZI.list
Generate listing file done
Generate build reports done
arm-atollic-eabi-objcopy.exe -O ihex atlasHaptic_nucleo767ZI.elf atlasHaptic_nucleo767ZI.hex 
00:57:06 **** Incremental Build of configuration Debug for project atlasHaptic_nucleo767ZI ****
Info: Internal Builder is used for build
arm-atollic-eabi-gcc -c -mthumb -mcpu=cortex-m7 -mfloat-abi=hard -mfpu=fpv5-d16 -std=gnu11 -D__weak=__attribute__((weak)) -D__packed=__attribute__((__packed__)) -DUSE_HAL_DRIVER -DSTM32F767xx -DARM_MATH_CM7 -D__FPU_PRESENT=1 -I../Inc -I../Drivers/STM32F7xx_HAL_Driver/Inc -I../Drivers/STM32F7xx_HAL_Driver/Inc/Legacy -I../Drivers/CMSIS/Device/ST/STM32F7xx/Include -I../Drivers/CMSIS/Include -O0 -ffunction-sections -fdata-sections -g -fstack-usage -Wall -specs=nano.specs -o Src\simulation\massStatesCalculation.o ..\Src\simulation\massStatesCalculation.c 
arm-atollic-eabi-gcc -c -mthumb -mcpu=cortex-m7 -mfloat-abi=hard -mfpu=fpv5-d16 -std=gnu11 -D__weak=__attribute__((weak)) -D__packed=__attribute__((__packed__)) -DUSE_HAL_DRIVER -DSTM32F767xx -DARM_MATH_CM7 -D__FPU_PRESENT=1 -I../Inc -I../Drivers/STM32F7xx_HAL_Driver/Inc -I../Drivers/STM32F7xx_HAL_Driver/Inc/Legacy -I../Drivers/CMSIS/Device/ST/STM32F7xx/Include -I../Drivers/CMSIS/Include -O0 -ffunction-sections -fdata-sections -g -fstack-usage -Wall -specs=nano.specs -o Src\experimentConfig.o ..\Src\experimentConfig.c 
arm-atollic-eabi-gcc -o atlasHaptic_nucleo767ZI.elf Drivers\STM32F7xx_HAL_Driver\Src\stm32f7xx_hal.o Drivers\STM32F7xx_HAL_Driver\Src\stm32f7xx_hal_cortex.o Drivers\STM32F7xx_HAL_Driver\Src\stm32f7xx_hal_dma.o Drivers\STM32F7xx_HAL_Driver\Src\stm32f7xx_hal_dma_ex.o Drivers\STM32F7xx_HAL_Driver\Src\stm32f7xx_hal_flash.o Drivers\STM32F7xx_HAL_Driver\Src\stm32f7xx_hal_flash_ex.o Drivers\STM32F7xx_HAL_Driver\Src\stm32f7xx_hal_gpio.o Drivers\STM32F7xx_HAL_Driver\Src\stm32f7xx_hal_i2c.o Drivers\STM32F7xx_HAL_Driver\Src\stm32f7xx_hal_i2c_ex.o Drivers\STM32F7xx_HAL_Driver\Src\stm32f7xx_hal_pwr.o Drivers\STM32F7xx_HAL_Driver\Src\stm32f7xx_hal_pwr_ex.o Drivers\STM32F7xx_HAL_Driver\Src\stm32f7xx_hal_rcc.o Drivers\STM32F7xx_HAL_Driver\Src\stm32f7xx_hal_rcc_ex.o Drivers\STM32F7xx_HAL_Driver\Src\stm32f7xx_hal_tim.o Drivers\STM32F7xx_HAL_Driver\Src\stm32f7xx_hal_tim_ex.o Drivers\STM32F7xx_HAL_Driver\Src\stm32f7xx_hal_uart.o Src\CMSIS\BasicMathFunctions\arm_abs_f32.o Src\CMSIS\BasicMathFunctions\arm_abs_q15.o Src\CMSIS\BasicMathFunctions\arm_abs_q31.o Src\CMSIS\BasicMathFunctions\arm_abs_q7.o Src\CMSIS\BasicMathFunctions\arm_add_f32.o Src\CMSIS\BasicMathFunctions\arm_add_q15.o Src\CMSIS\BasicMathFunctions\arm_add_q31.o Src\CMSIS\BasicMathFunctions\arm_add_q7.o Src\CMSIS\BasicMathFunctions\arm_dot_prod_f32.o Src\CMSIS\BasicMathFunctions\arm_dot_prod_q15.o Src\CMSIS\BasicMathFunctions\arm_dot_prod_q31.o Src\CMSIS\BasicMathFunctions\arm_dot_prod_q7.o Src\CMSIS\BasicMathFunctions\arm_mult_f32.o Src\CMSIS\BasicMathFunctions\arm_mult_q15.o Src\CMSIS\BasicMathFunctions\arm_mult_q31.o Src\CMSIS\BasicMathFunctions\arm_mult_q7.o Src\CMSIS\BasicMathFunctions\arm_negate_f32.o Src\CMSIS\BasicMathFunctions\arm_negate_q15.o Src\CMSIS\BasicMathFunctions\arm_negate_q31.o Src\CMSIS\BasicMathFunctions\arm_negate_q7.o Src\CMSIS\BasicMathFunctions\arm_offset_f32.o Src\CMSIS\BasicMathFunctions\arm_offset_q15.o Src\CMSIS\BasicMathFunctions\arm_offset_q31.o Src\CMSIS\BasicMathFunctions\arm_offset_q7.o Src\CMSIS\BasicMathFunctions\arm_scale_f32.o Src\CMSIS\BasicMathFunctions\arm_scale_q15.o Src\CMSIS\BasicMathFunctions\arm_scale_q31.o Src\CMSIS\BasicMathFunctions\arm_scale_q7.o Src\CMSIS\BasicMathFunctions\arm_shift_q15.o Src\CMSIS\BasicMathFunctions\arm_shift_q31.o Src\CMSIS\BasicMathFunctions\arm_shift_q7.o Src\CMSIS\BasicMathFunctions\arm_sub_f32.o Src\CMSIS\BasicMathFunctions\arm_sub_q15.o Src\CMSIS\BasicMathFunctions\arm_sub_q31.o Src\CMSIS\BasicMathFunctions\arm_sub_q7.o Src\CMSIS\CommonTables\arm_common_tables.o Src\CMSIS\CommonTables\arm_const_structs.o Src\CMSIS\ControllerFunctions\arm_pid_init_f32.o Src\CMSIS\ControllerFunctions\arm_pid_init_q15.o Src\CMSIS\ControllerFunctions\arm_pid_init_q31.o Src\CMSIS\ControllerFunctions\arm_pid_reset_f32.o Src\CMSIS\ControllerFunctions\arm_pid_reset_q15.o Src\CMSIS\ControllerFunctions\arm_pid_reset_q31.o Src\CMSIS\ControllerFunctions\arm_sin_cos_f32.o Src\CMSIS\ControllerFunctions\arm_sin_cos_q31.o Src\CMSIS\FastMathFunctions\arm_cos_f32.o Src\CMSIS\FastMathFunctions\arm_cos_q15.o Src\CMSIS\FastMathFunctions\arm_cos_q31.o Src\CMSIS\FastMathFunctions\arm_sin_f32.o Src\CMSIS\FastMathFunctions\arm_sin_q15.o Src\CMSIS\FastMathFunctions\arm_sin_q31.o Src\CMSIS\FastMathFunctions\arm_sqrt_q15.o Src\CMSIS\FastMathFunctions\arm_sqrt_q31.o Src\CMSIS\SupportFunctions\arm_copy_f32.o Src\CMSIS\SupportFunctions\arm_copy_q15.o Src\CMSIS\SupportFunctions\arm_copy_q31.o Src\CMSIS\SupportFunctions\arm_copy_q7.o Src\CMSIS\SupportFunctions\arm_fill_f32.o Src\CMSIS\SupportFunctions\arm_fill_q15.o Src\CMSIS\SupportFunctions\arm_fill_q31.o Src\CMSIS\SupportFunctions\arm_fill_q7.o Src\CMSIS\SupportFunctions\arm_float_to_q15.o Src\CMSIS\SupportFunctions\arm_float_to_q31.o Src\CMSIS\SupportFunctions\arm_float_to_q7.o Src\CMSIS\SupportFunctions\arm_q15_to_float.o Src\CMSIS\SupportFunctions\arm_q15_to_q31.o Src\CMSIS\SupportFunctions\arm_q15_to_q7.o Src\CMSIS\SupportFunctions\arm_q31_to_float.o Src\CMSIS\SupportFunctions\arm_q31_to_q15.o Src\CMSIS\SupportFunctions\arm_q31_to_q7.o Src\CMSIS\SupportFunctions\arm_q7_to_float.o Src\CMSIS\SupportFunctions\arm_q7_to_q15.o Src\CMSIS\SupportFunctions\arm_q7_to_q31.o Src\cJSON\cJSON.o Src\cJSON\cJSON_Utils.o Src\dma.o Src\experimentConfig.o Src\gpio.o Src\haptic.o Src\i2c.o Src\main.o Src\simulation\massStatesCalculation.o Src\simulation\pedalVariables.o Src\simulation\pointersForPrint.o Src\simulation\simulationVariables_forSpringMassDamper.o Src\stm32f7xx_hal_msp.o Src\stm32f7xx_it.o Src\system_stm32f7xx.o Src\tim.o Src\usart.o startup\startup_stm32f767xx.o -mthumb -mcpu=cortex-m7 -mfloat-abi=hard -mfpu=fpv5-d16 -T../STM32F767ZI_FLASH.ld -specs=nosys.specs -static -Wl,-Map=atlasHaptic_nucleo767ZI.map -Wl,--gc-sections -Wl,--defsym=malloc_getpagesize_P=0x80 -Wl,--start-group -lc -lm -Wl,--end-group -specs=nano.specs 
C:\Program Files (x86)\Atollic\TrueSTUDIO for STM32 9.0.1\ide\jre\bin\java -jar C:\Program Files (x86)\Atollic\TrueSTUDIO for STM32 9.0.1\Tools\arm-atollic-reports.jar sizeinfo list atlasHaptic_nucleo767ZI.elf 
Generate build reports...
Print size information
   text	   data	    bss	    dec	    hex	filename
  23056	     44	   2112	  25212	   627c	atlasHaptic_nucleo767ZI.elf
Print size information done
Generate listing file
Output sent to: atlasHaptic_nucleo767ZI.list
Generate listing file done
Generate build reports done
arm-atollic-eabi-objcopy.exe -O ihex atlasHaptic_nucleo767ZI.elf atlasHaptic_nucleo767ZI.hex 
